Archive member included to satisfy reference by file (symbol)

c:/st/stm32cubeide_1.7.0/stm32cubeide/plugins/com.st.stm32cube.ide.mcu.externaltools.gnu-tools-for-stm32.9-2020-q2-update.win32_2.0.0.202105311346/tools/bin/../lib/gcc/arm-none-eabi/9.3.1/../../../../arm-none-eabi/lib/thumb/v7-m/nofp\libc_nano.a(lib_a-errno.o)
                              build/syscalls.o (__errno)
c:/st/stm32cubeide_1.7.0/stm32cubeide/plugins/com.st.stm32cube.ide.mcu.externaltools.gnu-tools-for-stm32.9-2020-q2-update.win32_2.0.0.202105311346/tools/bin/../lib/gcc/arm-none-eabi/9.3.1/../../../../arm-none-eabi/lib/thumb/v7-m/nofp\libc_nano.a(lib_a-exit.o)
                              c:/st/stm32cubeide_1.7.0/stm32cubeide/plugins/com.st.stm32cube.ide.mcu.externaltools.gnu-tools-for-stm32.9-2020-q2-update.win32_2.0.0.202105311346/tools/bin/../lib/gcc/arm-none-eabi/9.3.1/../../../../arm-none-eabi/lib/thumb/v7-m/nofp/crt0.o (exit)
c:/st/stm32cubeide_1.7.0/stm32cubeide/plugins/com.st.stm32cube.ide.mcu.externaltools.gnu-tools-for-stm32.9-2020-q2-update.win32_2.0.0.202105311346/tools/bin/../lib/gcc/arm-none-eabi/9.3.1/../../../../arm-none-eabi/lib/thumb/v7-m/nofp\libc_nano.a(lib_a-impure.o)
                              c:/st/stm32cubeide_1.7.0/stm32cubeide/plugins/com.st.stm32cube.ide.mcu.externaltools.gnu-tools-for-stm32.9-2020-q2-update.win32_2.0.0.202105311346/tools/bin/../lib/gcc/arm-none-eabi/9.3.1/../../../../arm-none-eabi/lib/thumb/v7-m/nofp\libc_nano.a(lib_a-exit.o) (_global_impure_ptr)
c:/st/stm32cubeide_1.7.0/stm32cubeide/plugins/com.st.stm32cube.ide.mcu.externaltools.gnu-tools-for-stm32.9-2020-q2-update.win32_2.0.0.202105311346/tools/bin/../lib/gcc/arm-none-eabi/9.3.1/../../../../arm-none-eabi/lib/thumb/v7-m/nofp\libc_nano.a(lib_a-init.o)
                              c:/st/stm32cubeide_1.7.0/stm32cubeide/plugins/com.st.stm32cube.ide.mcu.externaltools.gnu-tools-for-stm32.9-2020-q2-update.win32_2.0.0.202105311346/tools/bin/../lib/gcc/arm-none-eabi/9.3.1/../../../../arm-none-eabi/lib/thumb/v7-m/nofp/crt0.o (__libc_init_array)
c:/st/stm32cubeide_1.7.0/stm32cubeide/plugins/com.st.stm32cube.ide.mcu.externaltools.gnu-tools-for-stm32.9-2020-q2-update.win32_2.0.0.202105311346/tools/bin/../lib/gcc/arm-none-eabi/9.3.1/../../../../arm-none-eabi/lib/thumb/v7-m/nofp\libc_nano.a(lib_a-memset.o)
                              c:/st/stm32cubeide_1.7.0/stm32cubeide/plugins/com.st.stm32cube.ide.mcu.externaltools.gnu-tools-for-stm32.9-2020-q2-update.win32_2.0.0.202105311346/tools/bin/../lib/gcc/arm-none-eabi/9.3.1/../../../../arm-none-eabi/lib/thumb/v7-m/nofp/crt0.o (memset)
c:/st/stm32cubeide_1.7.0/stm32cubeide/plugins/com.st.stm32cube.ide.mcu.externaltools.gnu-tools-for-stm32.9-2020-q2-update.win32_2.0.0.202105311346/tools/bin/../lib/gcc/arm-none-eabi/9.3.1/../../../../arm-none-eabi/lib/thumb/v7-m/nofp\libc_nano.a(lib_a-sprintf.o)
                              build/uart.o (sprintf)
c:/st/stm32cubeide_1.7.0/stm32cubeide/plugins/com.st.stm32cube.ide.mcu.externaltools.gnu-tools-for-stm32.9-2020-q2-update.win32_2.0.0.202105311346/tools/bin/../lib/gcc/arm-none-eabi/9.3.1/../../../../arm-none-eabi/lib/thumb/v7-m/nofp\libc_nano.a(lib_a-nano-svfprintf.o)
                              c:/st/stm32cubeide_1.7.0/stm32cubeide/plugins/com.st.stm32cube.ide.mcu.externaltools.gnu-tools-for-stm32.9-2020-q2-update.win32_2.0.0.202105311346/tools/bin/../lib/gcc/arm-none-eabi/9.3.1/../../../../arm-none-eabi/lib/thumb/v7-m/nofp\libc_nano.a(lib_a-sprintf.o) (_svfprintf_r)
c:/st/stm32cubeide_1.7.0/stm32cubeide/plugins/com.st.stm32cube.ide.mcu.externaltools.gnu-tools-for-stm32.9-2020-q2-update.win32_2.0.0.202105311346/tools/bin/../lib/gcc/arm-none-eabi/9.3.1/../../../../arm-none-eabi/lib/thumb/v7-m/nofp\libc_nano.a(lib_a-nano-vfprintf_i.o)
                              c:/st/stm32cubeide_1.7.0/stm32cubeide/plugins/com.st.stm32cube.ide.mcu.externaltools.gnu-tools-for-stm32.9-2020-q2-update.win32_2.0.0.202105311346/tools/bin/../lib/gcc/arm-none-eabi/9.3.1/../../../../arm-none-eabi/lib/thumb/v7-m/nofp\libc_nano.a(lib_a-nano-svfprintf.o) (_printf_i)
c:/st/stm32cubeide_1.7.0/stm32cubeide/plugins/com.st.stm32cube.ide.mcu.externaltools.gnu-tools-for-stm32.9-2020-q2-update.win32_2.0.0.202105311346/tools/bin/../lib/gcc/arm-none-eabi/9.3.1/../../../../arm-none-eabi/lib/thumb/v7-m/nofp\libc_nano.a(lib_a-memchr-stub.o)
                              c:/st/stm32cubeide_1.7.0/stm32cubeide/plugins/com.st.stm32cube.ide.mcu.externaltools.gnu-tools-for-stm32.9-2020-q2-update.win32_2.0.0.202105311346/tools/bin/../lib/gcc/arm-none-eabi/9.3.1/../../../../arm-none-eabi/lib/thumb/v7-m/nofp\libc_nano.a(lib_a-nano-svfprintf.o) (memchr)
c:/st/stm32cubeide_1.7.0/stm32cubeide/plugins/com.st.stm32cube.ide.mcu.externaltools.gnu-tools-for-stm32.9-2020-q2-update.win32_2.0.0.202105311346/tools/bin/../lib/gcc/arm-none-eabi/9.3.1/../../../../arm-none-eabi/lib/thumb/v7-m/nofp\libc_nano.a(lib_a-memcpy-stub.o)
[...]
Memory Configuration

Name             Origin             Length             Attributes
RAM              0x0000000020000000 0x0000000000005000 xrw
FLASH            0x0000000008000000 0x0000000000020000 xr
*default*        0x0000000000000000 0xffffffffffffffff

Linker script and memory map

LOAD c:/st/stm32cubeide_1.7.0/stm32cubeide/plugins/com.st.stm32cube.ide.mcu.externaltools.gnu-tools-for-stm32.9-2020-q2-update.win32_2.0.0.202105311346/tools/bin/../lib/gcc/arm-none-eabi/9.3.1/thumb/v7-m/nofp/crti.o
LOAD c:/st/stm32cubeide_1.7.0/stm32cubeide/plugins/com.st.stm32cube.ide.mcu.externaltools.gnu-tools-for-stm32.9-2020-q2-update.win32_2.0.0.202105311346/tools/bin/../lib/gcc/arm-none-eabi/9.3.1/thumb/v7-m/nofp/crtbegin.o
LOAD c:/st/stm32cubeide_1.7.0/stm32cubeide/plugins/com.st.stm32cube.ide.mcu.externaltools.gnu-tools-for-stm32.9-2020-q2-update.win32_2.0.0.202105311346/tools/bin/../lib/gcc/arm-none-eabi/9.3.1/../../../../arm-none-eabi/lib/thumb/v7-m/nofp/crt0.o
LOAD build/add_time.o
LOAD build/global.o
LOAD build/input_reading.o
LOAD build/M1_fsm.o
LOAD build/M2_fsm.o
LOAD build/M3_fsm.o
LOAD build/M4_fsm.o
LOAD build/main.o
LOAD build/Pedestrian.o
LOAD build/Pedestrian_Buzzer.o
LOAD build/software_timer.o
LOAD build/stm32f1xx_hal_msp.o
LOAD build/stm32f1xx_it.o
LOAD build/syscalls.o
LOAD build/sysmem.o
LOAD build/system_stm32f1xx.o
LOAD build/uart.o
LOAD build/stm32f1xx_hal.o
LOAD build/stm32f1xx_hal_cortex.o
LOAD build/stm32f1xx_hal_dma.o
LOAD build/stm32f1xx_hal_exti.o
LOAD build/stm32f1xx_hal_flash.o
LOAD build/stm32f1xx_hal_flash_ex.o
LOAD build/stm32f1xx_hal_gpio.o
LOAD build/stm32f1xx_hal_gpio_ex.o
LOAD build/stm32f1xx_hal_pwr.o
LOAD build/stm32f1xx_hal_rcc.o
LOAD build/stm32f1xx_hal_rcc_ex.o
LOAD build/stm32f1xx_hal_tim.o
LOAD build/stm32f1xx_hal_tim_ex.o
LOAD build/stm32f1xx_hal_uart.o
LOAD build/startup_stm32f103rbtx.o
LOAD c:/st/stm32cubeide_1.7.0/stm32cubeide/plugins/com.st.stm32cube.ide.mcu.externaltools.gnu-tools-for-stm32.9-2020-q2-update.win32_2.0.0.202105311346/tools/bin/../lib/gcc/arm-none-eabi/9.3.1/../../../../arm-none-eabi/lib/thumb/v7-m/nofp\libc_nano.a
LOAD c:/st/stm32cubeide_1.7.0/stm32cubeide/plugins/com.st.stm32cube.ide.mcu.externaltools.gnu-tools-for-stm32.9-2020-q2-update.win32_2.0.0.202105311346/tools/bin/../lib/gcc/arm-none-eabi/9.3.1/../../../../arm-none-eabi/lib/thumb/v7-m/nofp\libm.a
LOAD c:/st/stm32cubeide_1.7.0/stm32cubeide/plugins/com.st.stm32cube.ide.mcu.externaltools.gnu-tools-for-stm32.9-2020-q2-update.win32_2.0.0.202105311346/tools/bin/../lib/gcc/arm-none-eabi/9.3.1/../../../../arm-none-eabi/lib/thumb/v7-m/nofp\libnosys.a
START GROUP
LOAD c:/st/stm32cubeide_1.7.0/stm32cubeide/plugins/com.st.stm32cube.ide.mcu.externaltools.gnu-tools-for-stm32.9-2020-q2-update.win32_2.0.0.202105311346/tools/bin/../lib/gcc/arm-none-eabi/9.3.1/thumb/v7-m/nofp\libgcc.a
LOAD c:/st/stm32cubeide_1.7.0/stm32cubeide/plugins/com.st.stm32cube.ide.mcu.externaltools.gnu-tools-for-stm32.9-2020-q2-update.win32_2.0.0.202105311346/tools/bin/../lib/gcc/arm-none-eabi/9.3.1/../../../../arm-none-eabi/lib/thumb/v7-m/nofp\libc_nano.a
END GROUP
START GROUP
LOAD c:/st/stm32cubeide_1.7.0/stm32cubeide/plugins/com.st.stm32cube.ide.mcu.externaltools.gnu-tools-for-stm32.9-2020-q2-update.win32_2.0.0.202105311346/tools/bin/../lib/gcc/arm-none-eabi/9.3.1/thumb/v7-m/nofp\libgcc.a
LOAD c:/st/stm32cubeide_1.7.0/stm32cubeide/plugins/com.st.stm32cube.ide.mcu.externaltools.gnu-tools-for-stm32.9-2020-q2-update.win32_2.0.0.202105311346/tools/bin/../lib/gcc/arm-none-eabi/9.3.1/../../../../arm-none-eabi/lib/thumb/v7-m/nofp\libc_nano.a
END GROUP
LOAD c:/st/stm32cubeide_1.7.0/stm32cubeide/plugins/com.st.stm32cube.ide.mcu.externaltools.gnu-tools-for-stm32.9-2020-q2-update.win32_2.0.0.202105311346/tools/bin/../lib/gcc/arm-none-eabi/9.3.1/thumb/v7-m/nofp/crtend.o
LOAD c:/st/stm32cubeide_1.7.0/stm32cubeide/plugins/com.st.stm32cube.ide.mcu.externaltools.gnu-tools-for-stm32.9-2020-q2-update.win32_2.0.0.202105311346/tools/bin/../lib/gcc/arm-none-eabi/9.3.1/thumb/v7-m/nofp/crtn.o
                0x0000000020005000                _estack = (ORIGIN (RAM) + LENGTH (RAM))
                0x0000000000000200                _Min_Heap_Size = 0x200
                0x0000000000000400                _Min_Stack_Size = 0x400

.isr_vector     0x0000000008000000      0x10c
                0x0000000008000000                . = ALIGN (0x4)
 *(.isr_vector)
 .isr_vector    0x0000000008000000      0x10c build/startup_stm32f103rbtx.o
                0x0000000008000000                g_pfnVectors
                0x000000000800010c                . = ALIGN (0x4)

.text           0x000000000800010c     0x436c
                0x000000000800010c                . = ALIGN (0x4)
 *(.text)
 .text          0x000000000800010c       0x40 c:/st/stm32cubeide_1.7.0/stm32cubeide/plugins/com.st.stm32cube.ide.mcu.externaltools.gnu-tools-for-stm32.9-2020-q2-update.win32_2.0.0.202105311346/tools/bin/../lib/gcc/arm-none-eabi/9.3.1/thumb/v7-m/nofp/crtbegin.o
 *(.text*)
 .text.check_button_add_time
                0x000000000800014c       0x60 build/add_time.o
                0x000000000800014c                check_button_add_time
 .text.button_reading
                0x00000000080001ac      0x158 build/input_reading.o
                0x00000000080001ac                button_reading
 .text.is_button_pressed
                0x0000000008000304       0x40 build/input_reading.o
                0x0000000008000304                is_button_pressed
 .text.changeToM2
                0x0000000008000344       0x94 build/M1_fsm.o
                0x0000000008000344                changeToM2
 .text.M1_fsm_run
                0x00000000080003d8      0x290 build/M1_fsm.o
                0x00000000080003d8                M1_fsm_run
 .text.M2_fsm_run
                0x0000000008000668       0xd4 build/M2_fsm.o
                0x0000000008000668                M2_fsm_run
 .text.M3_fsm_run
                0x000000000800073c       0xe4 build/M3_fsm.o
                0x000000000800073c                M3_fsm_run
 .text.M4_fsm_run
                0x0000000008000820       0x9c build/M4_fsm.o
                0x0000000008000820                M4_fsm_run
 .text.main     0x00000000080008bc       0x4c build/main.o
                0x00000000080008bc                main
 .text.SystemClock_Config
                0x0000000008000908       0x82 build/main.o
                0x0000000008000908                SystemClock_Config
 *fill*         0x000000000800098a        0x2 
 .text.MX_TIM2_Init
                0x000000000800098c       0x98 build/main.o
 .text.MX_TIM3_Init
                0x0000000008000a24       0xec build/main.o
 .text.MX_USART2_UART_Init
                0x0000000008000b10       0x54 build/main.o
 .text.MX_GPIO_Init
                0x0000000008000b64       0xdc build/main.o
 .text.HAL_TIM_PeriodElapsedCallback
                0x0000000008000c40       0x22 build/main.o
                0x0000000008000c40                HAL_TIM_PeriodElapsedCallback
 .text.Error_Handler
                0x0000000008000c62        0xa build/main.o
                0x0000000008000c62                Error_Handler
 .text.check_press
                0x0000000008000c6c       0x34 build/Pedestrian.o
                0x0000000008000c6c                check_press
 .text.Pedestrian_behavior
                0x0000000008000ca0       0xf0 build/Pedestrian.o
                0x0000000008000ca0                Pedestrian_behavior
 .text.resetBuzzer
                0x0000000008000d90       0x18 build/Pedestrian_Buzzer.o
                0x0000000008000d90                resetBuzzer
 .text.setBuzzer
                0x0000000008000da8       0x2c build/Pedestrian_Buzzer.o
                0x0000000008000da8                setBuzzer
 .text.adding_time
                0x0000000008000dd4       0x44 build/software_timer.o
                0x0000000008000dd4                adding_time
 .text.setTimer1
                0x0000000008000e18       0x34 build/software_timer.o
                0x0000000008000e18                setTimer1
 .text.setTimer2
                0x0000000008000e4c       0x34 build/software_timer.o
                0x0000000008000e4c                setTimer2
 .text.setTimer3
                0x0000000008000e80       0x34 build/software_timer.o
                0x0000000008000e80                setTimer3
 .text.setTimer4
                0x0000000008000eb4       0x34 build/software_timer.o
                0x0000000008000eb4                setTimer4
 .text.timerRun
                0x0000000008000ee8       0xac build/software_timer.o
                0x0000000008000ee8                timerRun
 .text.HAL_MspInit
                0x0000000008000f94       0x64 build/stm32f1xx_hal_msp.o
                0x0000000008000f94                HAL_MspInit
 .text.HAL_TIM_Base_MspInit
                0x0000000008000ff8       0x70 build/stm32f1xx_hal_msp.o
                0x0000000008000ff8                HAL_TIM_Base_MspInit
 .text.HAL_TIM_MspPostInit
                0x0000000008001068       0x64 build/stm32f1xx_hal_msp.o
                0x0000000008001068                HAL_TIM_MspPostInit
 .text.HAL_UART_MspInit
                0x00000000080010cc       0xa4 build/stm32f1xx_hal_msp.o
                0x00000000080010cc                HAL_UART_MspInit
 .text.NMI_Handler
                0x0000000008001170        0x6 build/stm32f1xx_it.o
                0x0000000008001170                NMI_Handler
 .text.HardFault_Handler
                0x0000000008001176        0x6 build/stm32f1xx_it.o
                0x0000000008001176                HardFault_Handler
 .text.MemManage_Handler
                0x000000000800117c        0x6 build/stm32f1xx_it.o
                0x000000000800117c                MemManage_Handler
 .text.BusFault_Handler
                0x0000000008001182        0x6 build/stm32f1xx_it.o
                0x0000000008001182                BusFault_Handler
 .text.UsageFault_Handler
                0x0000000008001188        0x6 build/stm32f1xx_it.o
                0x0000000008001188                UsageFault_Handler
 .text.SVC_Handler
                0x000000000800118e        0xc build/stm32f1xx_it.o
                0x000000000800118e                SVC_Handler
 .text.DebugMon_Handler
                0x000000000800119a        0xc build/stm32f1xx_it.o
                0x000000000800119a                DebugMon_Handler
 .text.PendSV_Handler
                0x00000000080011a6        0xc build/stm32f1xx_it.o
                0x00000000080011a6                PendSV_Handler
 .text.SysTick_Handler
                0x00000000080011b2        0xc build/stm32f1xx_it.o
                0x00000000080011b2                SysTick_Handler
 *fill*         0x00000000080011be        0x2 
 .text.TIM2_IRQHandler
                0x00000000080011c0       0x14 build/stm32f1xx_it.o
                0x00000000080011c0                TIM2_IRQHandler
 .text.USART2_IRQHandler
                0x00000000080011d4       0x14 build/stm32f1xx_it.o
                0x00000000080011d4                USART2_IRQHandler
 .text._sbrk    0x00000000080011e8       0x6c build/sysmem.o
                0x00000000080011e8                _sbrk
 .text.SystemInit
                0x0000000008001254        0xc build/system_stm32f1xx.o
                0x0000000008001254                SystemInit
 .text.transmitdata
                0x0000000008001260       0x64 build/uart.o
                0x0000000008001260                transmitdata
 .text.HAL_Init
                0x00000000080012c4       0x2c build/stm32f1xx_hal.o
                0x00000000080012c4                HAL_Init
 .text.HAL_InitTick
                0x00000000080012f0       0x60 build/stm32f1xx_hal.o
                0x00000000080012f0                HAL_InitTick
 .text.HAL_IncTick
                0x0000000008001350       0x24 build/stm32f1xx_hal.o
                0x0000000008001350                HAL_IncTick
 .text.HAL_GetTick
                0x0000000008001374       0x14 build/stm32f1xx_hal.o
                0x0000000008001374                HAL_GetTick
 .text.__NVIC_SetPriorityGrouping
                0x0000000008001388       0x48 build/stm32f1xx_hal_cortex.o
 .text.__NVIC_GetPriorityGrouping
                0x00000000080013d0       0x1c build/stm32f1xx_hal_cortex.o
 .text.__NVIC_EnableIRQ
                0x00000000080013ec       0x38 build/stm32f1xx_hal_cortex.o
 .text.__NVIC_SetPriority
                0x0000000008001424       0x54 build/stm32f1xx_hal_cortex.o
 .text.NVIC_EncodePriority
                0x0000000008001478       0x64 build/stm32f1xx_hal_cortex.o
 .text.SysTick_Config
                0x00000000080014dc       0x44 build/stm32f1xx_hal_cortex.o
 .text.HAL_NVIC_SetPriorityGrouping
                0x0000000008001520       0x16 build/stm32f1xx_hal_cortex.o
                0x0000000008001520                HAL_NVIC_SetPriorityGrouping
 .text.HAL_NVIC_SetPriority
                0x0000000008001536       0x38 build/stm32f1xx_hal_cortex.o
                0x0000000008001536                HAL_NVIC_SetPriority
 .text.HAL_NVIC_EnableIRQ
                0x000000000800156e       0x1c build/stm32f1xx_hal_cortex.o
                0x000000000800156e                HAL_NVIC_EnableIRQ
 .text.HAL_SYSTICK_Config
                0x000000000800158a       0x18 build/stm32f1xx_hal_cortex.o
                0x000000000800158a                HAL_SYSTICK_Config
 .text.HAL_DMA_Abort
                0x00000000080015a2       0x74 build/stm32f1xx_hal_dma.o
                0x00000000080015a2                HAL_DMA_Abort
 *fill*         0x0000000008001616        0x2 
 .text.HAL_DMA_Abort_IT
                0x0000000008001618       0xec build/stm32f1xx_hal_dma.o
                0x0000000008001618                HAL_DMA_Abort_IT
 .text.HAL_GPIO_Init
                0x0000000008001704      0x308 build/stm32f1xx_hal_gpio.o
                0x0000000008001704                HAL_GPIO_Init
 .text.HAL_GPIO_ReadPin
                0x0000000008001a0c       0x2e build/stm32f1xx_hal_gpio.o
                0x0000000008001a0c                HAL_GPIO_ReadPin
 .text.HAL_GPIO_WritePin
                0x0000000008001a3a       0x30 build/stm32f1xx_hal_gpio.o
                0x0000000008001a3a                HAL_GPIO_WritePin
 .text.HAL_GPIO_TogglePin
                0x0000000008001a6a       0x32 build/stm32f1xx_hal_gpio.o
                0x0000000008001a6a                HAL_GPIO_TogglePin
 .text.HAL_RCC_OscConfig
                0x0000000008001a9c      0x500 build/stm32f1xx_hal_rcc.o
                0x0000000008001a9c                HAL_RCC_OscConfig
 .text.HAL_RCC_ClockConfig
                0x0000000008001f9c      0x1d4 build/stm32f1xx_hal_rcc.o
                0x0000000008001f9c                HAL_RCC_ClockConfig
 .text.HAL_RCC_GetSysClockFreq
                0x0000000008002170       0xc0 build/stm32f1xx_hal_rcc.o
                0x0000000008002170                HAL_RCC_GetSysClockFreq
 .text.HAL_RCC_GetHCLKFreq
                0x0000000008002230       0x14 build/stm32f1xx_hal_rcc.o
                0x0000000008002230                HAL_RCC_GetHCLKFreq
 .text.HAL_RCC_GetPCLK1Freq
                0x0000000008002244       0x28 build/stm32f1xx_hal_rcc.o
                0x0000000008002244                HAL_RCC_GetPCLK1Freq
 .text.HAL_RCC_GetPCLK2Freq
                0x000000000800226c       0x28 build/stm32f1xx_hal_rcc.o
                0x000000000800226c                HAL_RCC_GetPCLK2Freq
 .text.RCC_Delay
                0x0000000008002294       0x3c build/stm32f1xx_hal_rcc.o
 .text.HAL_TIM_Base_Init
                0x00000000080022d0       0x9e build/stm32f1xx_hal_tim.o
                0x00000000080022d0                HAL_TIM_Base_Init
 *fill*         0x000000000800236e        0x2 
 .text.HAL_TIM_Base_Start_IT
                0x0000000008002370       0xa4 build/stm32f1xx_hal_tim.o
                0x0000000008002370                HAL_TIM_Base_Start_IT
 .text.HAL_TIM_PWM_Init
                0x0000000008002414       0x9e build/stm32f1xx_hal_tim.o
                0x0000000008002414                HAL_TIM_PWM_Init
 .text.HAL_TIM_PWM_MspInit
                0x00000000080024b2       0x12 build/stm32f1xx_hal_tim.o
                0x00000000080024b2                HAL_TIM_PWM_MspInit
 .text.HAL_TIM_PWM_Start
                0x00000000080024c4      0x144 build/stm32f1xx_hal_tim.o
                0x00000000080024c4                HAL_TIM_PWM_Start
 .text.HAL_TIM_IRQHandler
                0x0000000008002608      0x210 build/stm32f1xx_hal_tim.o
                0x0000000008002608                HAL_TIM_IRQHandler
 .text.HAL_TIM_PWM_ConfigChannel
                0x0000000008002818      0x17c build/stm32f1xx_hal_tim.o
                0x0000000008002818                HAL_TIM_PWM_ConfigChannel
 .text.HAL_TIM_ConfigClockSource
                0x0000000008002994      0x188 build/stm32f1xx_hal_tim.o
                0x0000000008002994                HAL_TIM_ConfigClockSource
 .text.HAL_TIM_OC_DelayElapsedCallback
                0x0000000008002b1c       0x12 build/stm32f1xx_hal_tim.o
                0x0000000008002b1c                HAL_TIM_OC_DelayElapsedCallback
 .text.HAL_TIM_IC_CaptureCallback
                0x0000000008002b2e       0x12 build/stm32f1xx_hal_tim.o
                0x0000000008002b2e                HAL_TIM_IC_CaptureCallback
 .text.HAL_TIM_PWM_PulseFinishedCallback
                0x0000000008002b40       0x12 build/stm32f1xx_hal_tim.o
                0x0000000008002b40                HAL_TIM_PWM_PulseFinishedCallback
 .text.HAL_TIM_TriggerCallback
                0x0000000008002b52       0x12 build/stm32f1xx_hal_tim.o
                0x0000000008002b52                HAL_TIM_TriggerCallback
 .text.TIM_Base_SetConfig
                0x0000000008002b64       0xc4 build/stm32f1xx_hal_tim.o
                0x0000000008002b64                TIM_Base_SetConfig
 .text.TIM_OC1_SetConfig
                0x0000000008002c28       0xcc build/stm32f1xx_hal_tim.o
 .text.TIM_OC2_SetConfig
                0x0000000008002cf4       0xd4 build/stm32f1xx_hal_tim.o
                0x0000000008002cf4                TIM_OC2_SetConfig
 .text.TIM_OC3_SetConfig
                0x0000000008002dc8       0xd4 build/stm32f1xx_hal_tim.o
 .text.TIM_OC4_SetConfig
                0x0000000008002e9c       0x9c build/stm32f1xx_hal_tim.o
 .text.TIM_TI1_ConfigInputStage
                0x0000000008002f38       0x5c build/stm32f1xx_hal_tim.o
 .text.TIM_TI2_ConfigInputStage
                0x0000000008002f94       0x5e build/stm32f1xx_hal_tim.o
 .text.TIM_ITRx_SetConfig
                0x0000000008002ff2       0x34 build/stm32f1xx_hal_tim.o
 .text.TIM_ETR_SetConfig
                0x0000000008003026       0x3e build/stm32f1xx_hal_tim.o
                0x0000000008003026                TIM_ETR_SetConfig
 .text.TIM_CCxChannelCmd
                0x0000000008003064       0x48 build/stm32f1xx_hal_tim.o
                0x0000000008003064                TIM_CCxChannelCmd
 .text.HAL_TIMEx_MasterConfigSynchronization
                0x00000000080030ac       0xbc build/stm32f1xx_hal_tim_ex.o
                0x00000000080030ac                HAL_TIMEx_MasterConfigSynchronization
 .text.HAL_TIMEx_CommutCallback
                0x0000000008003168       0x12 build/stm32f1xx_hal_tim_ex.o
                0x0000000008003168                HAL_TIMEx_CommutCallback
 .text.HAL_TIMEx_BreakCallback
                0x000000000800317a       0x12 build/stm32f1xx_hal_tim_ex.o
                0x000000000800317a                HAL_TIMEx_BreakCallback
 .text.HAL_UART_Init
                0x000000000800318c       0x9a build/stm32f1xx_hal_uart.o
                0x000000000800318c                HAL_UART_Init
 .text.HAL_UART_Transmit
                0x0000000008003226      0x124 build/stm32f1xx_hal_uart.o
                0x0000000008003226                HAL_UART_Transmit
 *fill*         0x000000000800334a        0x2 
 .text.HAL_UART_IRQHandler
                0x000000000800334c      0x354 build/stm32f1xx_hal_uart.o
                0x000000000800334c                HAL_UART_IRQHandler
 .text.HAL_UART_TxCpltCallback
                0x00000000080036a0       0x12 build/stm32f1xx_hal_uart.o
                0x00000000080036a0                HAL_UART_TxCpltCallback
 .text.HAL_UART_RxCpltCallback
                0x00000000080036b2       0x12 build/stm32f1xx_hal_uart.o
                0x00000000080036b2                HAL_UART_RxCpltCallback
 .text.HAL_UART_ErrorCallback
                0x00000000080036c4       0x12 build/stm32f1xx_hal_uart.o
                0x00000000080036c4                HAL_UART_ErrorCallback
 .text.HAL_UARTEx_RxEventCallback
                0x00000000080036d6       0x16 build/stm32f1xx_hal_uart.o
                0x00000000080036d6                HAL_UARTEx_RxEventCallback
 .text.UART_WaitOnFlagUntilTimeout
                0x00000000080036ec       0x94 build/stm32f1xx_hal_uart.o
 .text.UART_EndRxTransfer
                0x0000000008003780       0x58 build/stm32f1xx_hal_uart.o
 .text.UART_DMAAbortOnError
                0x00000000080037d8       0x28 build/stm32f1xx_hal_uart.o
 .text.UART_Transmit_IT
                0x0000000008003800       0x9e build/stm32f1xx_hal_uart.o
 .text.UART_EndTransmit_IT
                0x000000000800389e       0x30 build/stm32f1xx_hal_uart.o
 .text.UART_Receive_IT
                0x00000000080038ce      0x152 build/stm32f1xx_hal_uart.o
 .text.UART_SetConfig
                0x0000000008003a20      0x11c build/stm32f1xx_hal_uart.o
 .text.Reset_Handler
                0x0000000008003b3c       0x48 build/startup_stm32f103rbtx.o
                0x0000000008003b3c                Reset_Handler
 .text.Default_Handler
                0x0000000008003b84        0x2 build/startup_stm32f103rbtx.o
                0x0000000008003b84                RTC_Alarm_IRQHandler
                0x0000000008003b84                EXTI2_IRQHandler
                0x0000000008003b84                TIM1_CC_IRQHandler
                0x0000000008003b84                PVD_IRQHandler
                0x0000000008003b84                EXTI3_IRQHandler
                0x0000000008003b84                EXTI0_IRQHandler
                0x0000000008003b84                I2C2_EV_IRQHandler
                0x0000000008003b84                ADC1_2_IRQHandler
                0x0000000008003b84                SPI1_IRQHandler
                0x0000000008003b84                TAMPER_IRQHandler
                0x0000000008003b84                DMA1_Channel4_IRQHandler
                0x0000000008003b84                USART3_IRQHandler
                0x0000000008003b84                RTC_IRQHandler
                0x0000000008003b84                DMA1_Channel7_IRQHandler
                0x0000000008003b84                CAN1_RX1_IRQHandler
                0x0000000008003b84                TIM4_IRQHandler
                0x0000000008003b84                I2C1_EV_IRQHandler
                0x0000000008003b84                DMA1_Channel6_IRQHandler
                0x0000000008003b84                TIM3_IRQHandler
                0x0000000008003b84                RCC_IRQHandler
                0x0000000008003b84                TIM1_TRG_COM_IRQHandler
                0x0000000008003b84                DMA1_Channel1_IRQHandler
                0x0000000008003b84                Default_Handler
                0x0000000008003b84                EXTI15_10_IRQHandler
                0x0000000008003b84                EXTI9_5_IRQHandler
                0x0000000008003b84                SPI2_IRQHandler
                0x0000000008003b84                DMA1_Channel5_IRQHandler
                0x0000000008003b84                EXTI4_IRQHandler
                0x0000000008003b84                USB_LP_CAN1_RX0_IRQHandler
                0x0000000008003b84                USB_HP_CAN1_TX_IRQHandler
                0x0000000008003b84                DMA1_Channel3_IRQHandler
                0x0000000008003b84                TIM1_UP_IRQHandler
                0x0000000008003b84                WWDG_IRQHandler
                0x0000000008003b84                TIM1_BRK_IRQHandler
                0x0000000008003b84                EXTI1_IRQHandler
                0x0000000008003b84                I2C2_ER_IRQHandler
                0x0000000008003b84                DMA1_Channel2_IRQHandler
                0x0000000008003b84                CAN1_SCE_IRQHandler
                0x0000000008003b84                FLASH_IRQHandler
                0x0000000008003b84                USART1_IRQHandler
                0x0000000008003b84                I2C1_ER_IRQHandler
                0x0000000008003b84                USBWakeUp_IRQHandler
 *fill*         0x0000000008003b86        0x2 
 .text.__errno  0x0000000008003b88        0xc c:/st/stm32cubeide_1.7.0/stm32cubeide/plugins/com.st.stm32cube.ide.mcu.externaltools.gnu-tools-for-stm32.9-2020-q2-update.win32_2.0.0.202105311346/tools/bin/../lib/gcc/arm-none-eabi/9.3.1/../../../../arm-none-eabi/lib/thumb/v7-m/nofp\libc_nano.a(lib_a-errno.o)
                0x0000000008003b88                __errno
 .text.__libc_init_array
                0x0000000008003b94       0x48 c:/st/stm32cubeide_1.7.0/stm32cubeide/plugins/com.st.stm32cube.ide.mcu.externaltools.gnu-tools-for-stm32.9-2020-q2-update.win32_2.0.0.202105311346/tools/bin/../lib/gcc/arm-none-eabi/9.3.1/../../../../arm-none-eabi/lib/thumb/v7-m/nofp\libc_nano.a(lib_a-init.o)
                0x0000000008003b94                __libc_init_array
 .text.memset   0x0000000008003bdc       0x10 c:/st/stm32cubeide_1.7.0/stm32cubeide/plugins/com.st.stm32cube.ide.mcu.externaltools.gnu-tools-for-stm32.9-2020-q2-update.win32_2.0.0.202105311346/tools/bin/../lib/gcc/arm-none-eabi/9.3.1/../../../../arm-none-eabi/lib/thumb/v7-m/nofp\libc_nano.a(lib_a-memset.o)
                0x0000000008003bdc                memset
 .text.sprintf  0x0000000008003bec       0x40 c:/st/stm32cubeide_1.7.0/stm32cubeide/plugins/com.st.stm32cube.ide.mcu.externaltools.gnu-tools-for-stm32.9-2020-q2-update.win32_2.0.0.202105311346/tools/bin/../lib/gcc/arm-none-eabi/9.3.1/../../../../arm-none-eabi/lib/thumb/v7-m/nofp\libc_nano.a(lib_a-sprintf.o)
                0x0000000008003bec                siprintf
                0x0000000008003bec                sprintf
 .text.__ssputs_r
                0x0000000008003c2c       0xb6 c:/st/stm32cubeide_1.7.0/stm32cubeide/plugins/com.st.stm32cube.ide.mcu.externaltools.gnu-tools-for-stm32.9-2020-q2-update.win32_2.0.0.202105311346/tools/bin/../lib/gcc/arm-none-eabi/9.3.1/../../../../arm-none-eabi/lib/thumb/v7-m/nofp\libc_nano.a(lib_a-nano-svfprintf.o)
                0x0000000008003c2c                __ssputs_r
 *fill*         0x0000000008003ce2        0x2 
 .text._svfprintf_r
                0x0000000008003ce4      0x200 c:/st/stm32cubeide_1.7.0/stm32cubeide/plugins/com.st.stm32cube.ide.mcu.externaltools.gnu-tools-for-stm32.9-2020-q2-update.win32_2.0.0.202105311346/tools/bin/../lib/gcc/arm-none-eabi/9.3.1/../../../../arm-none-eabi/lib/thumb/v7-m/nofp\libc_nano.a(lib_a-nano-svfprintf.o)
                0x0000000008003ce4                _svfiprintf_r
                0x0000000008003ce4                _svfprintf_r
 .text._printf_common
                0x0000000008003ee4       0xde c:/st/stm32cubeide_1.7.0/stm32cubeide/plugins/com.st.stm32cube.ide.mcu.externaltools.gnu-tools-for-stm32.9-2020-q2-update.win32_2.0.0.202105311346/tools/bin/../lib/gcc/arm-none-eabi/9.3.1/../../../../arm-none-eabi/lib/thumb/v7-m/nofp\libc_nano.a(lib_a-nano-vfprintf_i.o)
                0x0000000008003ee4                _printf_common
 *fill*         0x0000000008003fc2        0x2 
 .text._printf_i
                0x0000000008003fc4      0x24c c:/st/stm32cubeide_1.7.0/stm32cubeide/plugins/com.st.stm32cube.ide.mcu.externaltools.gnu-tools-for-stm32.9-2020-q2-update.win32_2.0.0.202105311346/tools/bin/../lib/gcc/arm-none-eabi/9.3.1/../../../../arm-none-eabi/lib/thumb/v7-m/nofp\libc_nano.a(lib_a-nano-vfprintf_i.o)
                0x0000000008003fc4                _printf_i
 .text.memchr   0x0000000008004210       0x1c c:/st/stm32cubeide_1.7.0/stm32cubeide/plugins/com.st.stm32cube.ide.mcu.externaltools.gnu-tools-for-stm32.9-2020-q2-update.win32_2.0.0.202105311346/tools/bin/../lib/gcc/arm-none-eabi/9.3.1/../../../../arm-none-eabi/lib/thumb/v7-m/nofp\libc_nano.a(lib_a-memchr-stub.o)
                0x0000000008004210                memchr
 .text.memcpy   0x000000000800422c       0x1c c:/st/stm32cubeide_1.7.0/stm32cubeide/plugins/com.st.stm32cube.ide.mcu.externaltools.gnu-tools-for-stm32.9-2020-q2-update.win32_2.0.0.202105311346/tools/bin/../lib/gcc/arm-none-eabi/9.3.1/../../../../arm-none-eabi/lib/thumb/v7-m/nofp\libc_nano.a(lib_a-memcpy-stub.o)
                0x000000000800422c                memcpy
 .text.memmove  0x0000000008004248       0x34 c:/st/stm32cubeide_1.7.0/stm32cubeide/plugins/com.st.stm32cube.ide.mcu.externaltools.gnu-tools-for-stm32.9-2020-q2-update.win32_2.0.0.202105311346/tools/bin/../lib/gcc/arm-none-eabi/9.3.1/../../../../arm-none-eabi/lib/thumb/v7-m/nofp\libc_nano.a(lib_a-memmove.o)
                0x0000000008004248                memmove
 .text._free_r  0x000000000800427c       0x98 c:/st/stm32cubeide_1.7.0/stm32cubeide/plugins/com.st.stm32cube.ide.mcu.externaltools.gnu-tools-for-stm32.9-2020-q2-update.win32_2.0.0.202105311346/tools/bin/../lib/gcc/arm-none-eabi/9.3.1/../../../../arm-none-eabi/lib/thumb/v7-m/nofp\libc_nano.a(lib_a-nano-freer.o)
                0x000000000800427c                _free_r
 .text._malloc_r
                0x0000000008004314       0xb4 c:/st/stm32cubeide_1.7.0/stm32cubeide/plugins/com.st.stm32cube.ide.mcu.externaltools.gnu-tools-for-stm32.9-2020-q2-update.win32_2.0.0.202105311346/tools/bin/../lib/gcc/arm-none-eabi/9.3.1/../../../../arm-none-eabi/lib/thumb/v7-m/nofp\libc_nano.a(lib_a-nano-mallocr.o)
                0x0000000008004314                _malloc_r
 .text._realloc_r
                0x00000000080043c8       0x4c c:/st/stm32cubeide_1.7.0/stm32cubeide/plugins/com.st.stm32cube.ide.mcu.externaltools.gnu-tools-for-stm32.9-2020-q2-update.win32_2.0.0.202105311346/tools/bin/../lib/gcc/arm-none-eabi/9.3.1/../../../../arm-none-eabi/lib/thumb/v7-m/nofp\libc_nano.a(lib_a-nano-reallocr.o)
                0x00000000080043c8                _realloc_r
 .text._sbrk_r  0x0000000008004414       0x20 c:/st/stm32cubeide_1.7.0/stm32cubeide/plugins/com.st.stm32cube.ide.mcu.externaltools.gnu-tools-for-stm32.9-2020-q2-update.win32_2.0.0.202105311346/tools/bin/../lib/gcc/arm-none-eabi/9.3.1/../../../../arm-none-eabi/lib/thumb/v7-m/nofp\libc_nano.a(lib_a-sbrkr.o)
                0x0000000008004414                _sbrk_r
 .text.__malloc_lock
                0x0000000008004434        0xc c:/st/stm32cubeide_1.7.0/stm32cubeide/plugins/com.st.stm32cube.ide.mcu.externaltools.gnu-tools-for-stm32.9-2020-q2-update.win32_2.0.0.202105311346/tools/bin/../lib/gcc/arm-none-eabi/9.3.1/../../../../arm-none-eabi/lib/thumb/v7-m/nofp\libc_nano.a(lib_a-mlock.o)
                0x0000000008004434                __malloc_lock
 .text.__malloc_unlock
                0x0000000008004440        0xc c:/st/stm32cubeide_1.7.0/stm32cubeide/plugins/com.st.stm32cube.ide.mcu.externaltools.gnu-tools-for-stm32.9-2020-q2-update.win32_2.0.0.202105311346/tools/bin/../lib/gcc/arm-none-eabi/9.3.1/../../../../arm-none-eabi/lib/thumb/v7-m/nofp\libc_nano.a(lib_a-mlock.o)
                0x0000000008004440                __malloc_unlock
 .text._malloc_usable_size_r
                0x000000000800444c       0x10 c:/st/stm32cubeide_1.7.0/stm32cubeide/plugins/com.st.stm32cube.ide.mcu.externaltools.gnu-tools-for-stm32.9-2020-q2-update.win32_2.0.0.202105311346/tools/bin/../lib/gcc/arm-none-eabi/9.3.1/../../../../arm-none-eabi/lib/thumb/v7-m/nofp\libc_nano.a(lib_a-nano-msizer.o)
                0x000000000800444c                _malloc_usable_size_r
 .text.__retarget_lock_acquire_recursive
                0x000000000800445c        0x2 c:/st/stm32cubeide_1.7.0/stm32cubeide/plugins/com.st.stm32cube.ide.mcu.externaltools.gnu-tools-for-stm32.9-2020-q2-update.win32_2.0.0.202105311346/tools/bin/../lib/gcc/arm-none-eabi/9.3.1/../../../../arm-none-eabi/lib/thumb/v7-m/nofp\libc_nano.a(lib_a-lock.o)
                0x000000000800445c                __retarget_lock_acquire_recursive
 .text.__retarget_lock_release_recursive
                0x000000000800445e        0x2 c:/st/stm32cubeide_1.7.0/stm32cubeide/plugins/com.st.stm32cube.ide.mcu.externaltools.gnu-tools-for-stm32.9-2020-q2-update.win32_2.0.0.202105311346/tools/bin/../lib/gcc/arm-none-eabi/9.3.1/../../../../arm-none-eabi/lib/thumb/v7-m/nofp\libc_nano.a(lib_a-lock.o)
                0x000000000800445e                __retarget_lock_release_recursive
 *(.glue_7)
 .glue_7        0x0000000008004460        0x0 linker stubs
 *(.glue_7t)
 .glue_7t       0x0000000008004460        0x0 linker stubs
 *(.eh_frame)
 .eh_frame      0x0000000008004460        0x0 c:/st/stm32cubeide_1.7.0/stm32cubeide/plugins/com.st.stm32cube.ide.mcu.externaltools.gnu-tools-for-stm32.9-2020-q2-update.win32_2.0.0.202105311346/tools/bin/../lib/gcc/arm-none-eabi/9.3.1/thumb/v7-m/nofp/crtbegin.o
 *(.init)
 .init          0x0000000008004460        0x4 c:/st/stm32cubeide_1.7.0/stm32cubeide/plugins/com.st.stm32cube.ide.mcu.externaltools.gnu-tools-for-stm32.9-2020-q2-update.win32_2.0.0.202105311346/tools/bin/../lib/gcc/arm-none-eabi/9.3.1/thumb/v7-m/nofp/crti.o
                0x0000000008004460                _init
 .init          0x0000000008004464        0x8 c:/st/stm32cubeide_1.7.0/stm32cubeide/plugins/com.st.stm32cube.ide.mcu.externaltools.gnu-tools-for-stm32.9-2020-q2-update.win32_2.0.0.202105311346/tools/bin/../lib/gcc/arm-none-eabi/9.3.1/thumb/v7-m/nofp/crtn.o
 *(.fini)
 .fini          0x000000000800446c        0x4 c:/st/stm32cubeide_1.7.0/stm32cubeide/plugins/com.st.stm32cube.ide.mcu.externaltools.gnu-tools-for-stm32.9-2020-q2-update.win32_2.0.0.202105311346/tools/bin/../lib/gcc/arm-none-eabi/9.3.1/thumb/v7-m/nofp/crti.o
                0x000000000800446c                _fini
 .fini          0x0000000008004470        0x8 c:/st/stm32cubeide_1.7.0/stm32cubeide/plugins/com.st.stm32cube.ide.mcu.externaltools.gnu-tools-for-stm32.9-2020-q2-update.win32_2.0.0.202105311346/tools/bin/../lib/gcc/arm-none-eabi/9.3.1/thumb/v7-m/nofp/crtn.o
                0x0000000008004478                . = ALIGN (0x4)
                0x0000000008004478                _etext = .

.vfp11_veneer   0x0000000008004478        0x0
 .vfp11_veneer  0x0000000008004478        0x0 linker stubs

.v4_bx          0x0000000008004478        0x0
 .v4_bx         0x0000000008004478        0x0 linker stubs

.iplt           0x0000000008004478        0x0
 .iplt          0x0000000008004478        0x0 c:/st/stm32cubeide_1.7.0/stm32cubeide/plugins/com.st.stm32cube.ide.mcu.externaltools.gnu-tools-for-stm32.9-2020-q2-update.win32_2.0.0.202105311346/tools/bin/../lib/gcc/arm-none-eabi/9.3.1/thumb/v7-m/nofp/crtbegin.o

.rodata         0x0000000008004478       0x60
                0x0000000008004478                . = ALIGN (0x4)
 *(.rodata)
 .rodata        0x0000000008004478        0x3 build/uart.o
 *fill*         0x000000000800447b        0x1 
 .rodata        0x000000000800447c       0x10 build/stm32f1xx_hal_rcc.o
 *(.rodata*)
 .rodata.AHBPrescTable
                0x000000000800448c       0x10 build/system_stm32f1xx.o
                0x000000000800448c                AHBPrescTable
 .rodata.APBPrescTable
                0x000000000800449c        0x8 build/system_stm32f1xx.o
                0x000000000800449c                APBPrescTable
 .rodata._svfprintf_r.str1.1
                0x00000000080044a4       0x11 c:/st/stm32cubeide_1.7.0/stm32cubeide/plugins/com.st.stm32cube.ide.mcu.externaltools.gnu-tools-for-stm32.9-2020-q2-update.win32_2.0.0.202105311346/tools/bin/../lib/gcc/arm-none-eabi/9.3.1/../../../../arm-none-eabi/lib/thumb/v7-m/nofp\libc_nano.a(lib_a-nano-svfprintf.o)
 .rodata._printf_i.str1.1
                0x00000000080044b5       0x22 c:/st/stm32cubeide_1.7.0/stm32cubeide/plugins/com.st.stm32cube.ide.mcu.externaltools.gnu-tools-for-stm32.9-2020-q2-update.win32_2.0.0.202105311346/tools/bin/../lib/gcc/arm-none-eabi/9.3.1/../../../../arm-none-eabi/lib/thumb/v7-m/nofp\libc_nano.a(lib_a-nano-vfprintf_i.o)
                0x00000000080044d8                . = ALIGN (0x4)
 *fill*         0x00000000080044d7        0x1 

.rel.dyn        0x00000000080044d8        0x0
 .rel.iplt      0x00000000080044d8        0x0 c:/st/stm32cubeide_1.7.0/stm32cubeide/plugins/com.st.stm32cube.ide.mcu.externaltools.gnu-tools-for-stm32.9-2020-q2-update.win32_2.0.0.202105311346/tools/bin/../lib/gcc/arm-none-eabi/9.3.1/thumb/v7-m/nofp/crtbegin.o

.ARM.extab      0x00000000080044d8        0x0
                0x00000000080044d8                . = ALIGN (0x4)
 *(.ARM.extab* .gnu.linkonce.armextab.*)
                0x00000000080044d8                . = ALIGN (0x4)

.ARM            0x00000000080044d8        0x0
                0x00000000080044d8                . = ALIGN (0x4)
                0x00000000080044d8                __exidx_start = .
 *(.ARM.exidx*)
                0x00000000080044d8                __exidx_end = .
                0x00000000080044d8                . = ALIGN (0x4)

.preinit_array  0x00000000080044d8        0x0
                0x00000000080044d8                . = ALIGN (0x4)
                0x00000000080044d8                PROVIDE (__preinit_array_start = .)
 *(.preinit_array*)
                0x00000000080044d8                PROVIDE (__preinit_array_end = .)
                0x00000000080044d8                . = ALIGN (0x4)

.init_array     0x00000000080044d8        0x4
                0x00000000080044d8                . = ALIGN (0x4)
                0x00000000080044d8                PROVIDE (__init_array_start = .)
 *(SORT_BY_NAME(.init_array.*))
 *(.init_array*)
 .init_array    0x00000000080044d8        0x4 c:/st/stm32cubeide_1.7.0/stm32cubeide/plugins/com.st.stm32cube.ide.mcu.externaltools.gnu-tools-for-stm32.9-2020-q2-update.win32_2.0.0.202105311346/tools/bin/../lib/gcc/arm-none-eabi/9.3.1/thumb/v7-m/nofp/crtbegin.o
                0x00000000080044dc                PROVIDE (__init_array_end = .)
                0x00000000080044dc                . = ALIGN (0x4)

.fini_array     0x00000000080044dc        0x4
                0x00000000080044dc                . = ALIGN (0x4)
                [!provide]                        PROVIDE (__fini_array_start = .)
 *(SORT_BY_NAME(.fini_array.*))
 *(.fini_array*)
 .fini_array    0x00000000080044dc        0x4 c:/st/stm32cubeide_1.7.0/stm32cubeide/plugins/com.st.stm32cube.ide.mcu.externaltools.gnu-tools-for-stm32.9-2020-q2-update.win32_2.0.0.202105311346/tools/bin/../lib/gcc/arm-none-eabi/9.3.1/thumb/v7-m/nofp/crtbegin.o
                [!provide]                        PROVIDE (__fini_array_end = .)
                0x00000000080044e0                . = ALIGN (0x4)
                0x00000000080044e0                _sidata = LOADADDR (.data)

.data           0x0000000020000000       0x8c load address 0x00000000080044e0
                0x0000000020000000                . = ALIGN (0x4)
                0x0000000020000000                _sdata = .
 *(.data)
 *(.data*)
 .data.buttonBuffer
                0x0000000020000000        0x4 build/input_reading.o
 .data.debounceButtonBuffer1
                0x0000000020000004        0x4 build/input_reading.o
 .data.debounceButtonBuffer2
                0x0000000020000008        0x4 build/input_reading.o
 .data.debounceButtonBuffer3
                0x000000002000000c        0x4 build/input_reading.o
 .data.counterForButtonPress1s
                0x0000000020000010        0x8 build/input_reading.o
 .data.TIMER_CYCLE
                0x0000000020000018        0x4 build/software_timer.o
                0x0000000020000018                TIMER_CYCLE
 .data.SystemCoreClock
                0x000000002000001c        0x4 build/system_stm32f1xx.o
                0x000000002000001c                SystemCoreClock
 .data.uwTickPrio
                0x0000000020000020        0x4 build/stm32f1xx_hal.o
                0x0000000020000020                uwTickPrio
 .data.uwTickFreq
                0x0000000020000024        0x1 build/stm32f1xx_hal.o
                0x0000000020000024                uwTickFreq
 *fill*         0x0000000020000025        0x3 
 .data._impure_ptr
                0x0000000020000028        0x4 c:/st/stm32cubeide_1.7.0/stm32cubeide/plugins/com.st.stm32cube.ide.mcu.externaltools.gnu-tools-for-stm32.9-2020-q2-update.win32_2.0.0.202105311346/tools/bin/../lib/gcc/arm-none-eabi/9.3.1/../../../../arm-none-eabi/lib/thumb/v7-m/nofp\libc_nano.a(lib_a-impure.o)
                0x0000000020000028                _impure_ptr
 .data.impure_data
                0x000000002000002c       0x60 c:/st/stm32cubeide_1.7.0/stm32cubeide/plugins/com.st.stm32cube.ide.mcu.externaltools.gnu-tools-for-stm32.9-2020-q2-update.win32_2.0.0.202105311346/tools/bin/../lib/gcc/arm-none-eabi/9.3.1/../../../../arm-none-eabi/lib/thumb/v7-m/nofp\libc_nano.a(lib_a-impure.o)
 *(.RamFunc)
 *(.RamFunc*)
                0x000000002000008c                . = ALIGN (0x4)
                0x000000002000008c                _edata = .

.igot.plt       0x000000002000008c        0x0 load address 0x000000000800456c
 .igot.plt      0x000000002000008c        0x0 c:/st/stm32cubeide_1.7.0/stm32cubeide/plugins/com.st.stm32cube.ide.mcu.externaltools.gnu-tools-for-stm32.9-2020-q2-update.win32_2.0.0.202105311346/tools/bin/../lib/gcc/arm-none-eabi/9.3.1/thumb/v7-m/nofp/crtbegin.o
                0x000000002000008c                . = ALIGN (0x4)

.bss            0x000000002000008c      0x178 load address 0x000000000800456c
                0x000000002000008c                _sbss = .
                0x000000002000008c                __bss_start__ = _sbss
 *(.bss)
 .bss           0x000000002000008c       0x1c c:/st/stm32cubeide_1.7.0/stm32cubeide/plugins/com.st.stm32cube.ide.mcu.externaltools.gnu-tools-for-stm32.9-2020-q2-update.win32_2.0.0.202105311346/tools/bin/../lib/gcc/arm-none-eabi/9.3.1/thumb/v7-m/nofp/crtbegin.o
 *(.bss*)
 .bss.status    0x00000000200000a8        0x4 build/global.o
                0x00000000200000a8                status
 .bss.count1    0x00000000200000ac        0x4 build/global.o
                0x00000000200000ac                count1
 .bss.count2    0x00000000200000b0        0x4 build/global.o
                0x00000000200000b0                count2
 .bss.Pedes_press
                0x00000000200000b4        0x4 build/global.o
                0x00000000200000b4                Pedes_press
 .bss.flagForButtonPress1s
                0x00000000200000b8        0x4 build/input_reading.o
 .bss.timer1_counter
                0x00000000200000bc        0x4 build/software_timer.o
                0x00000000200000bc                timer1_counter
 .bss.timer1_flag
                0x00000000200000c0        0x4 build/software_timer.o
                0x00000000200000c0                timer1_flag
 .bss.timer2_counter
                0x00000000200000c4        0x4 build/software_timer.o
                0x00000000200000c4                timer2_counter
 .bss.timer2_flag
                0x00000000200000c8        0x4 build/software_timer.o
                0x00000000200000c8                timer2_flag
 .bss.timer3_counter
                0x00000000200000cc        0x4 build/software_timer.o
                0x00000000200000cc                timer3_counter
 .bss.timer3_flag
                0x00000000200000d0        0x4 build/software_timer.o
                0x00000000200000d0                timer3_flag
 .bss.timer4_counter
                0x00000000200000d4        0x4 build/software_timer.o
                0x00000000200000d4                timer4_counter
 .bss.timer4_flag
                0x00000000200000d8        0x4 build/software_timer.o
                0x00000000200000d8                timer4_flag
 .bss.__sbrk_heap_end
                0x00000000200000dc        0x4 build/sysmem.o
 .bss.__malloc_free_list
                0x00000000200000e0        0x4 c:/st/stm32cubeide_1.7.0/stm32cubeide/plugins/com.st.stm32cube.ide.mcu.externaltools.gnu-tools-for-stm32.9-2020-q2-update.win32_2.0.0.202105311346/tools/bin/../lib/gcc/arm-none-eabi/9.3.1/../../../../arm-none-eabi/lib/thumb/v7-m/nofp\libc_nano.a(lib_a-nano-mallocr.o)
                0x00000000200000e0                __malloc_free_list
 .bss.__malloc_sbrk_start
                0x00000000200000e4        0x4 c:/st/stm32cubeide_1.7.0/stm32cubeide/plugins/com.st.stm32cube.ide.mcu.externaltools.gnu-tools-for-stm32.9-2020-q2-update.win32_2.0.0.202105311346/tools/bin/../lib/gcc/arm-none-eabi/9.3.1/../../../../arm-none-eabi/lib/thumb/v7-m/nofp\libc_nano.a(lib_a-nano-mallocr.o)
                0x00000000200000e4                __malloc_sbrk_start
 *(COMMON)
 COMMON         0x00000000200000e8       0xd4 build/main.o
                0x00000000200000e8                htim3
                0x0000000020000130                htim2
                0x0000000020000178                huart2
 COMMON         0x00000000200001bc       0x32 build/uart.o
                0x00000000200001bc                str
 *fill*         0x00000000200001ee        0x2 
 COMMON         0x00000000200001f0        0x4 build/stm32f1xx_hal.o
                0x00000000200001f0                uwTick
 COMMON         0x00000000200001f4        0x4 c:/st/stm32cubeide_1.7.0/stm32cubeide/plugins/com.st.stm32cube.ide.mcu.externaltools.gnu-tools-for-stm32.9-2020-q2-update.win32_2.0.0.202105311346/tools/bin/../lib/gcc/arm-none-eabi/9.3.1/../../../../arm-none-eabi/lib/thumb/v7-m/nofp\libc_nano.a(lib_a-reent.o)
                0x00000000200001f4                errno
 COMMON         0x00000000200001f8        0x9 c:/st/stm32cubeide_1.7.0/stm32cubeide/plugins/com.st.stm32cube.ide.mcu.externaltools.gnu-tools-for-stm32.9-2020-q2-update.win32_2.0.0.202105311346/tools/bin/../lib/gcc/arm-none-eabi/9.3.1/../../../../arm-none-eabi/lib/thumb/v7-m/nofp\libc_nano.a(lib_a-lock.o)
                0x00000000200001f8                __lock___atexit_recursive_mutex
                0x00000000200001f9                __lock___arc4random_mutex
                0x00000000200001fa                __lock___env_recursive_mutex
                0x00000000200001fb                __lock___sinit_recursive_mutex
                0x00000000200001fc                __lock___malloc_recursive_mutex
                0x00000000200001fd                __lock___at_quick_exit_mutex
                0x00000000200001fe                __lock___dd_hash_mutex
                0x00000000200001ff                __lock___tz_mutex
                0x0000000020000200                __lock___sfp_recursive_mutex
                0x0000000020000204                . = ALIGN (0x4)
 *fill*         0x0000000020000201        0x3 
                0x0000000020000204                _ebss = .
                0x0000000020000204                __bss_end__ = _ebss

._user_heap_stack
                0x0000000020000204      0x604 load address 0x000000000800456c
                0x0000000020000208                . = ALIGN (0x8)
 *fill*         0x0000000020000204        0x4 
                [!provide]                        PROVIDE (end = .)
                0x0000000020000208                PROVIDE (_end = .)
                0x0000000020000408                . = (. + _Min_Heap_Size)
 *fill*         0x0000000020000208      0x200 
                0x0000000020000808                . = (. + _Min_Stack_Size)
 *fill*         0x0000000020000408      0x400 
                0x0000000020000808                . = ALIGN (0x8)

/DISCARD/
 libc.a(*)
 libm.a(*)
 libgcc.a(*)

.ARM.attributes
                0x0000000000000000       0x29
 *(.ARM.attributes)
 .ARM.attributes
                0x0000000000000000       0x1d c:/st/stm32cubeide_1.7.0/stm32cubeide/plugins/com.st.stm32cube.ide.mcu.externaltools.gnu-tools-for-stm32.9-2020-q2-update.win32_2.0.0.202105311346/tools/bin/../lib/gcc/arm-none-eabi/9.3.1/thumb/v7-m/nofp/crti.o
 .ARM.attributes
                0x000000000000001d       0x2d c:/st/stm32cubeide_1.7.0/stm32cubeide/plugins/com.st.stm32cube.ide.mcu.externaltools.gnu-tools-for-stm32.9-2020-q2-update.win32_2.0.0.202105311346/tools/bin/../lib/gcc/arm-none-eabi/9.3.1/thumb/v7-m/nofp/crtbegin.o
 .ARM.attributes
                0x000000000000004a       0x2d build/add_time.o
 .ARM.attributes
                0x0000000000000077       0x33 build/global.o
 .ARM.attributes
                0x00000000000000aa       0x2d build/input_reading.o
 .ARM.attributes
                0x00000000000000d7       0x2d build/M1_fsm.o
 .ARM.attributes
                0x0000000000000104       0x2d build/M2_fsm.o
 .ARM.attributes
                0x0000000000000131       0x2d build/M3_fsm.o
 .ARM.attributes
                0x000000000000015e       0x2d build/M4_fsm.o
 .ARM.attributes
                0x000000000000018b       0x2d build/main.o
 .ARM.attributes
                0x00000000000001b8       0x2d build/Pedestrian.o
 .ARM.attributes
                0x00000000000001e5       0x2d build/Pedestrian_Buzzer.o
 .ARM.attributes
                0x0000000000000212       0x2d build/software_timer.o
 .ARM.attributes
                0x000000000000023f       0x2d build/stm32f1xx_hal_msp.o
 .ARM.attributes
                0x000000000000026c       0x2d build/stm32f1xx_it.o
 .ARM.attributes
                0x0000000000000299       0x2d build/sysmem.o
 .ARM.attributes
                0x00000000000002c6       0x2d build/system_stm32f1xx.o
 .ARM.attributes
                0x00000000000002f3       0x2d build/uart.o
 .ARM.attributes
                0x0000000000000320       0x2d build/stm32f1xx_hal.o
 .ARM.attributes
                0x000000000000034d       0x2d build/stm32f1xx_hal_cortex.o
 .ARM.attributes
                0x000000000000037a       0x2d build/stm32f1xx_hal_dma.o
 .ARM.attributes
                0x00000000000003a7       0x2d build/stm32f1xx_hal_gpio.o
 .ARM.attributes
                0x00000000000003d4       0x2d build/stm32f1xx_hal_rcc.o
 .ARM.attributes
                0x0000000000000401       0x2d build/stm32f1xx_hal_tim.o
 .ARM.attributes
                0x000000000000042e       0x2d build/stm32f1xx_hal_tim_ex.o
 .ARM.attributes
                0x000000000000045b       0x2d build/stm32f1xx_hal_uart.o
 .ARM.attributes
                0x0000000000000488       0x21 build/startup_stm32f103rbtx.o
 .ARM.attributes
                0x00000000000004a9       0x2d c:/st/stm32cubeide_1.7.0/stm32cubeide/plugins/com.st.stm32cube.ide.mcu.externaltools.gnu-tools-for-stm32.9-2020-q2-update.win32_2.0.0.202105311346/tools/bin/../lib/gcc/arm-none-eabi/9.3.1/../../../../arm-none-eabi/lib/thumb/v7-m/nofp\libc_nano.a(lib_a-errno.o)
 .ARM.attributes
                0x00000000000004d6       0x2d c:/st/stm32cubeide_1.7.0/stm32cubeide/plugins/com.st.stm32cube.ide.mcu.externaltools.gnu-tools-for-stm32.9-2020-q2-update.win32_2.0.0.202105311346/tools/bin/../lib/gcc/arm-none-eabi/9.3.1/../../../../arm-none-eabi/lib/thumb/v7-m/nofp\libc_nano.a(lib_a-impure.o)
 .ARM.attributes
                0x0000000000000503       0x2d c:/st/stm32cubeide_1.7.0/stm32cubeide/plugins/com.st.stm32cube.ide.mcu.externaltools.gnu-tools-for-stm32.9-2020-q2-update.win32_2.0.0.202105311346/tools/bin/../lib/gcc/arm-none-eabi/9.3.1/../../../../arm-none-eabi/lib/thumb/v7-m/nofp\libc_nano.a(lib_a-init.o)
 .ARM.attributes
                0x0000000000000530       0x2d c:/st/stm32cubeide_1.7.0/stm32cubeide/plugins/com.st.stm32cube.ide.mcu.externaltools.gnu-tools-for-stm32.9-2020-q2-update.win32_2.0.0.202105311346/tools/bin/../lib/gcc/arm-none-eabi/9.3.1/../../../../arm-none-eabi/lib/thumb/v7-m/nofp\libc_nano.a(lib_a-memset.o)
 .ARM.attributes
                0x000000000000055d       0x2d c:/st/stm32cubeide_1.7.0/stm32cubeide/plugins/com.st.stm32cube.ide.mcu.externaltools.gnu-tools-for-stm32.9-2020-q2-update.win32_2.0.0.202105311346/tools/bin/../lib/gcc/arm-none-eabi/9.3.1/../../../../arm-none-eabi/lib/thumb/v7-m/nofp\libc_nano.a(lib_a-sprintf.o)
 .ARM.attributes
                0x000000000000058a       0x2d c:/st/stm32cubeide_1.7.0/stm32cubeide/plugins/com.st.stm32cube.ide.mcu.externaltools.gnu-tools-for-stm32.9-2020-q2-update.win32_2.0.0.202105311346/tools/bin/../lib/gcc/arm-none-eabi/9.3.1/../../../../arm-none-eabi/lib/thumb/v7-m/nofp\libc_nano.a(lib_a-nano-svfprintf.o)
 .ARM.attributes
                0x00000000000005b7       0x2d c:/st/stm32cubeide_1.7.0/stm32cubeide/plugins/com.st.stm32cube.ide.mcu.externaltools.gnu-tools-for-stm32.9-2020-q2-update.win32_2.0.0.202105311346/tools/bin/../lib/gcc/arm-none-eabi/9.3.1/../../../../arm-none-eabi/lib/thumb/v7-m/nofp\libc_nano.a(lib_a-nano-vfprintf_i.o)
 .ARM.attributes
                0x00000000000005e4       0x2d c:/st/stm32cubeide_1.7.0/stm32cubeide/plugins/com.st.stm32cube.ide.mcu.externaltools.gnu-tools-for-stm32.9-2020-q2-update.win32_2.0.0.202105311346/tools/bin/../lib/gcc/arm-none-eabi/9.3.1/../../../../arm-none-eabi/lib/thumb/v7-m/nofp\libc_nano.a(lib_a-memchr-stub.o)
 .ARM.attributes
                0x0000000000000611       0x2d c:/st/stm32cubeide_1.7.0/stm32cubeide/plugins/com.st.stm32cube.ide.mcu.externaltools.gnu-tools-for-stm32.9-2020-q2-update.win32_2.0.0.202105311346/tools/bin/../lib/gcc/arm-none-eabi/9.3.1/../../../../arm-none-eabi/lib/thumb/v7-m/nofp\libc_nano.a(lib_a-memcpy-stub.o)
 .ARM.attributes
                0x000000000000063e       0x2d c:/st/stm32cubeide_1.7.0/stm32cubeide/plugins/com.st.stm32cube.ide.mcu.externaltools.gnu-tools-for-stm32.9-2020-q2-update.win32_2.0.0.202105311346/tools/bin/../lib/gcc/arm-none-eabi/9.3.1/../../../../arm-none-eabi/lib/thumb/v7-m/nofp\libc_nano.a(lib_a-memmove.o)
 .ARM.attributes
                0x000000000000066b       0x2d c:/st/stm32cubeide_1.7.0/stm32cubeide/plugins/com.st.stm32cube.ide.mcu.externaltools.gnu-tools-for-stm32.9-2020-q2-update.win32_2.0.0.202105311346/tools/bin/../lib/gcc/arm-none-eabi/9.3.1/../../../../arm-none-eabi/lib/thumb/v7-m/nofp\libc_nano.a(lib_a-nano-freer.o)
 .ARM.attributes
                0x0000000000000698       0x2d c:/st/stm32cubeide_1.7.0/stm32cubeide/plugins/com.st.stm32cube.ide.mcu.externaltools.gnu-tools-for-stm32.9-2020-q2-update.win32_2.0.0.202105311346/tools/bin/../lib/gcc/arm-none-eabi/9.3.1/../../../../arm-none-eabi/lib/thumb/v7-m/nofp\libc_nano.a(lib_a-nano-mallocr.o)
 .ARM.attributes
                0x00000000000006c5       0x2d c:/st/stm32cubeide_1.7.0/stm32cubeide/plugins/com.st.stm32cube.ide.mcu.externaltools.gnu-tools-for-stm32.9-2020-q2-update.win32_2.0.0.202105311346/tools/bin/../lib/gcc/arm-none-eabi/9.3.1/../../../../arm-none-eabi/lib/thumb/v7-m/nofp\libc_nano.a(lib_a-nano-reallocr.o)
 .ARM.attributes
                0x00000000000006f2       0x2d c:/st/stm32cubeide_1.7.0/stm32cubeide/plugins/com.st.stm32cube.ide.mcu.externaltools.gnu-tools-for-stm32.9-2020-q2-update.win32_2.0.0.202105311346/tools/bin/../lib/gcc/arm-none-eabi/9.3.1/../../../../arm-none-eabi/lib/thumb/v7-m/nofp\libc_nano.a(lib_a-sbrkr.o)
 .ARM.attributes
                0x000000000000071f       0x2d c:/st/stm32cubeide_1.7.0/stm32cubeide/plugins/com.st.stm32cube.ide.mcu.externaltools.gnu-tools-for-stm32.9-2020-q2-update.win32_2.0.0.202105311346/tools/bin/../lib/gcc/arm-none-eabi/9.3.1/../../../../arm-none-eabi/lib/thumb/v7-m/nofp\libc_nano.a(lib_a-mlock.o)
 .ARM.attributes
                0x000000000000074c       0x2d c:/st/stm32cubeide_1.7.0/stm32cubeide/plugins/com.st.stm32cube.ide.mcu.externaltools.gnu-tools-for-stm32.9-2020-q2-update.win32_2.0.0.202105311346/tools/bin/../lib/gcc/arm-none-eabi/9.3.1/../../../../arm-none-eabi/lib/thumb/v7-m/nofp\libc_nano.a(lib_a-nano-msizer.o)
 .ARM.attributes
                0x0000000000000779       0x2d c:/st/stm32cubeide_1.7.0/stm32cubeide/plugins/com.st.stm32cube.ide.mcu.externaltools.gnu-tools-for-stm32.9-2020-q2-update.win32_2.0.0.202105311346/tools/bin/../lib/gcc/arm-none-eabi/9.3.1/../../../../arm-none-eabi/lib/thumb/v7-m/nofp\libc_nano.a(lib_a-reent.o)
 .ARM.attributes
                0x00000000000007a6       0x2d c:/st/stm32cubeide_1.7.0/stm32cubeide/plugins/com.st.stm32cube.ide.mcu.externaltools.gnu-tools-for-stm32.9-2020-q2-update.win32_2.0.0.202105311346/tools/bin/../lib/gcc/arm-none-eabi/9.3.1/../../../../arm-none-eabi/lib/thumb/v7-m/nofp\libc_nano.a(lib_a-lock.o)
 .ARM.attributes
                0x00000000000007d3       0x1d c:/st/stm32cubeide_1.7.0/stm32cubeide/plugins/com.st.stm32cube.ide.mcu.externaltools.gnu-tools-for-stm32.9-2020-q2-update.win32_2.0.0.202105311346/tools/bin/../lib/gcc/arm-none-eabi/9.3.1/thumb/v7-m/nofp/crtn.o
OUTPUT(build/stm32_f103rbt6.elf elf32-littlearm)
LOAD linker stubs
LOAD c:/st/stm32cubeide_1.7.0/stm32cubeide/plugins/com.st.stm32cube.ide.mcu.externaltools.gnu-tools-for-stm32.9-2020-q2-update.win32_2.0.0.202105311346/tools/bin/../lib/gcc/arm-none-eabi/9.3.1/../../../../arm-none-eabi/lib/thumb/v7-m/nofp\libc.a
LOAD c:/st/stm32cubeide_1.7.0/stm32cubeide/plugins/com.st.stm32cube.ide.mcu.externaltools.gnu-tools-for-stm32.9-2020-q2-update.win32_2.0.0.202105311346/tools/bin/../lib/gcc/arm-none-eabi/9.3.1/../../../../arm-none-eabi/lib/thumb/v7-m/nofp\libm.a
LOAD c:/st/stm32cubeide_1.7.0/stm32cubeide/plugins/com.st.stm32cube.ide.mcu.externaltools.gnu-tools-for-stm32.9-2020-q2-update.win32_2.0.0.202105311346/tools/bin/../lib/gcc/arm-none-eabi/9.3.1/thumb/v7-m/nofp\libgcc.a

.debug_info     0x0000000000000000    0x125da
 .debug_info    0x0000000000000000      0x9da build/add_time.o
 .debug_info    0x00000000000009da      0x9f8 build/global.o
 .debug_info    0x00000000000013d2      0xb4c build/input_reading.o
 .debug_info    0x0000000000001f1e      0xa66 build/M1_fsm.o
 .debug_info    0x0000000000002984      0xa54 build/M2_fsm.o
 .debug_info    0x00000000000033d8      0xa54 build/M3_fsm.o
 .debug_info    0x0000000000003e2c      0xa54 build/M4_fsm.o
 .debug_info    0x0000000000004880      0xf32 build/main.o
 .debug_info    0x00000000000057b2      0xa66 build/Pedestrian.o
 .debug_info    0x0000000000006218      0xa0f build/Pedestrian_Buzzer.o
 .debug_info    0x0000000000006c27      0x1bf build/software_timer.o
 .debug_info    0x0000000000006de6      0xe5c build/stm32f1xx_hal_msp.o
 .debug_info    0x0000000000007c42      0xa2e build/stm32f1xx_it.o
 .debug_info    0x0000000000008670      0xa25 build/sysmem.o
 .debug_info    0x0000000000009095      0x260 build/system_stm32f1xx.o
 .debug_info    0x00000000000092f5     0x129c build/uart.o
 .debug_info    0x000000000000a591      0x76a build/stm32f1xx_hal.o
 .debug_info    0x000000000000acfb      0xbdc build/stm32f1xx_hal_cortex.o
 .debug_info    0x000000000000b8d7      0x81e build/stm32f1xx_hal_dma.o
 .debug_info    0x000000000000c0f5      0x701 build/stm32f1xx_hal_gpio.o
 .debug_info    0x000000000000c7f6      0x88e build/stm32f1xx_hal_rcc.o
 .debug_info    0x000000000000d084     0x2a45 build/stm32f1xx_hal_tim.o
 .debug_info    0x000000000000fac9     0x14d5 build/stm32f1xx_hal_tim_ex.o
 .debug_info    0x0000000000010f9e     0x161a build/stm32f1xx_hal_uart.o
 .debug_info    0x00000000000125b8       0x22 build/startup_stm32f103rbtx.o

.debug_abbrev   0x0000000000000000     0x2b8d
 .debug_abbrev  0x0000000000000000      0x15a build/add_time.o
 .debug_abbrev  0x000000000000015a      0x14d build/global.o
 .debug_abbrev  0x00000000000002a7      0x1b8 build/input_reading.o
 .debug_abbrev  0x000000000000045f      0x15a build/M1_fsm.o
 .debug_abbrev  0x00000000000005b9      0x15a build/M2_fsm.o
 .debug_abbrev  0x0000000000000713      0x15a build/M3_fsm.o
 .debug_abbrev  0x000000000000086d      0x15a build/M4_fsm.o
 .debug_abbrev  0x00000000000009c7      0x287 build/main.o
 .debug_abbrev  0x0000000000000c4e      0x15a build/Pedestrian.o
 .debug_abbrev  0x0000000000000da8      0x198 build/Pedestrian_Buzzer.o
 .debug_abbrev  0x0000000000000f40       0xb6 build/software_timer.o
 .debug_abbrev  0x0000000000000ff6      0x1c8 build/stm32f1xx_hal_msp.o
 .debug_abbrev  0x00000000000011be      0x176 build/stm32f1xx_it.o
 .debug_abbrev  0x0000000000001334      0x1fd build/sysmem.o
 .debug_abbrev  0x0000000000001531      0x14e build/system_stm32f1xx.o
 .debug_abbrev  0x000000000000167f      0x22a build/uart.o
 .debug_abbrev  0x00000000000018a9      0x1ed build/stm32f1xx_hal.o
 .debug_abbrev  0x0000000000001a96      0x313 build/stm32f1xx_hal_cortex.o
 .debug_abbrev  0x0000000000001da9      0x228 build/stm32f1xx_hal_dma.o
 .debug_abbrev  0x0000000000001fd1      0x1e8 build/stm32f1xx_hal_gpio.o
 .debug_abbrev  0x00000000000021b9      0x273 build/stm32f1xx_hal_rcc.o
 .debug_abbrev  0x000000000000242c      0x25e build/stm32f1xx_hal_tim.o
 .debug_abbrev  0x000000000000268a      0x266 build/stm32f1xx_hal_tim_ex.o
 .debug_abbrev  0x00000000000028f0      0x28b build/stm32f1xx_hal_uart.o
 .debug_abbrev  0x0000000000002b7b       0x12 build/startup_stm32f103rbtx.o

.debug_aranges  0x0000000000000000      0xda8
 .debug_aranges
                0x0000000000000000       0x20 build/add_time.o
 .debug_aranges
                0x0000000000000020       0x18 build/global.o
 .debug_aranges
                0x0000000000000038       0x30 build/input_reading.o
 .debug_aranges
                0x0000000000000068       0x28 build/M1_fsm.o
 .debug_aranges
                0x0000000000000090       0x20 build/M2_fsm.o
 .debug_aranges
                0x00000000000000b0       0x20 build/M3_fsm.o
 .debug_aranges
                0x00000000000000d0       0x20 build/M4_fsm.o
 .debug_aranges
                0x00000000000000f0       0x58 build/main.o
 .debug_aranges
                0x0000000000000148       0x28 build/Pedestrian.o
 .debug_aranges
                0x0000000000000170       0x28 build/Pedestrian_Buzzer.o
 .debug_aranges
                0x0000000000000198       0x48 build/software_timer.o
 .debug_aranges
                0x00000000000001e0       0x48 build/stm32f1xx_hal_msp.o
 .debug_aranges
                0x0000000000000228       0x70 build/stm32f1xx_it.o
 .debug_aranges
                0x0000000000000298       0x20 build/sysmem.o
 .debug_aranges
                0x00000000000002b8       0x28 build/system_stm32f1xx.o
 .debug_aranges
                0x00000000000002e0       0x20 build/uart.o
 .debug_aranges
                0x0000000000000300       0xe0 build/stm32f1xx_hal.o
 .debug_aranges
                0x00000000000003e0      0x100 build/stm32f1xx_hal_cortex.o
 .debug_aranges
                0x00000000000004e0       0x80 build/stm32f1xx_hal_dma.o
 .debug_aranges
                0x0000000000000560       0x58 build/stm32f1xx_hal_gpio.o
 .debug_aranges
                0x00000000000005b8       0x90 build/stm32f1xx_hal_rcc.o
 .debug_aranges
                0x0000000000000648      0x3d0 build/stm32f1xx_hal_tim.o
 .debug_aranges
                0x0000000000000a18      0x168 build/stm32f1xx_hal_tim_ex.o
 .debug_aranges
                0x0000000000000b80      0x200 build/stm32f1xx_hal_uart.o
 .debug_aranges
                0x0000000000000d80       0x28 build/startup_stm32f103rbtx.o

.debug_ranges   0x0000000000000000      0xc48
 .debug_ranges  0x0000000000000000       0x10 build/add_time.o
 .debug_ranges  0x0000000000000010       0x20 build/input_reading.o
 .debug_ranges  0x0000000000000030       0x18 build/M1_fsm.o
 .debug_ranges  0x0000000000000048       0x10 build/M2_fsm.o
 .debug_ranges  0x0000000000000058       0x10 build/M3_fsm.o
 .debug_ranges  0x0000000000000068       0x10 build/M4_fsm.o
 .debug_ranges  0x0000000000000078       0x48 build/main.o
 .debug_ranges  0x00000000000000c0       0x18 build/Pedestrian.o
 .debug_ranges  0x00000000000000d8       0x18 build/Pedestrian_Buzzer.o
 .debug_ranges  0x00000000000000f0       0x38 build/software_timer.o
 .debug_ranges  0x0000000000000128       0x38 build/stm32f1xx_hal_msp.o
 .debug_ranges  0x0000000000000160       0x60 build/stm32f1xx_it.o
 .debug_ranges  0x00000000000001c0       0x10 build/sysmem.o
 .debug_ranges  0x00000000000001d0       0x18 build/system_stm32f1xx.o
 .debug_ranges  0x00000000000001e8       0x10 build/uart.o
 .debug_ranges  0x00000000000001f8       0xd0 build/stm32f1xx_hal.o
 .debug_ranges  0x00000000000002c8       0xf0 build/stm32f1xx_hal_cortex.o
 .debug_ranges  0x00000000000003b8       0x70 build/stm32f1xx_hal_dma.o
 .debug_ranges  0x0000000000000428       0x48 build/stm32f1xx_hal_gpio.o
 .debug_ranges  0x0000000000000470       0x80 build/stm32f1xx_hal_rcc.o
 .debug_ranges  0x00000000000004f0      0x3c0 build/stm32f1xx_hal_tim.o
 .debug_ranges  0x00000000000008b0      0x158 build/stm32f1xx_hal_tim_ex.o
 .debug_ranges  0x0000000000000a08      0x220 build/stm32f1xx_hal_uart.o
 .debug_ranges  0x0000000000000c28       0x20 build/startup_stm32f103rbtx.o

.debug_macro    0x0000000000000000    0x1870b
 .debug_macro   0x0000000000000000      0x1da build/add_time.o
 .debug_macro   0x00000000000001da      0xa9c build/add_time.o
 .debug_macro   0x0000000000000c76      0x21b build/add_time.o
 .debug_macro   0x0000000000000e91       0x2e build/add_time.o
 .debug_macro   0x0000000000000ebf       0x22 build/add_time.o
 .debug_macro   0x0000000000000ee1       0x22 build/add_time.o
 .debug_macro   0x0000000000000f03       0x8e build/add_time.o
 .debug_macro   0x0000000000000f91       0x51 build/add_time.o
 .debug_macro   0x0000000000000fe2      0x103 build/add_time.o
 .debug_macro   0x00000000000010e5       0x6a build/add_time.o
 .debug_macro   0x000000000000114f      0x1df build/add_time.o
 .debug_macro   0x000000000000132e       0x1c build/add_time.o
 .debug_macro   0x000000000000134a       0x22 build/add_time.o
 .debug_macro   0x000000000000136c       0xc3 build/add_time.o
 .debug_macro   0x000000000000142f      0xd23 build/add_time.o
 .debug_macro   0x0000000000002152     0xe09e build/add_time.o
 .debug_macro   0x00000000000101f0       0x6d build/add_time.o
 .debug_macro   0x000000000001025d     0x3468 build/add_time.o
 .debug_macro   0x00000000000136c5      0x174 build/add_time.o
 .debug_macro   0x0000000000013839       0x5c build/add_time.o
 .debug_macro   0x0000000000013895      0x5be build/add_time.o
 .debug_macro   0x0000000000013e53      0x289 build/add_time.o
 .debug_macro   0x00000000000140dc      0x1cb build/add_time.o
 .debug_macro   0x00000000000142a7      0x114 build/add_time.o
 .debug_macro   0x00000000000143bb      0x1b2 build/add_time.o
 .debug_macro   0x000000000001456d       0x27 build/add_time.o
 .debug_macro   0x0000000000014594      0x136 build/add_time.o
 .debug_macro   0x00000000000146ca      0x1bc build/add_time.o
 .debug_macro   0x0000000000014886       0x34 build/add_time.o
 .debug_macro   0x00000000000148ba       0x3c build/add_time.o
 .debug_macro   0x00000000000148f6       0x57 build/add_time.o
 .debug_macro   0x000000000001494d       0x88 build/add_time.o
 .debug_macro   0x00000000000149d5      0x241 build/add_time.o
 .debug_macro   0x0000000000014c16      0x141 build/add_time.o
 .debug_macro   0x0000000000014d57      0x8d1 build/add_time.o
 .debug_macro   0x0000000000015628      0x279 build/add_time.o
 .debug_macro   0x00000000000158a1       0x83 build/add_time.o
 .debug_macro   0x0000000000015924       0x7c build/add_time.o
 .debug_macro   0x00000000000159a0       0x34 build/add_time.o
 .debug_macro   0x00000000000159d4      0x1d0 build/global.o
 .debug_macro   0x0000000000015ba4      0x1c5 build/input_reading.o
 .debug_macro   0x0000000000015d69      0x1ee build/M1_fsm.o
 .debug_macro   0x0000000000015f57      0x1e4 build/M2_fsm.o
 .debug_macro   0x000000000001613b      0x1e4 build/M3_fsm.o
 .debug_macro   0x000000000001631f      0x1e4 build/M4_fsm.o
 .debug_macro   0x0000000000016503      0x240 build/main.o
 .debug_macro   0x0000000000016743      0x216 build/Pedestrian.o
 .debug_macro   0x0000000000016959      0x1da build/Pedestrian_Buzzer.o
 .debug_macro   0x0000000000016b33       0x1b build/software_timer.o
 .debug_macro   0x0000000000016b4e      0x1ad build/stm32f1xx_hal_msp.o
 .debug_macro   0x0000000000016cfb      0x1b7 build/stm32f1xx_it.o
 .debug_macro   0x0000000000016eb2       0xec build/sysmem.o
 .debug_macro   0x0000000000016f9e      0x23b build/sysmem.o
 .debug_macro   0x00000000000171d9       0xc8 build/system_stm32f1xx.o
 .debug_macro   0x00000000000172a1      0x32a build/uart.o
 .debug_macro   0x00000000000175cb       0x64 build/uart.o
 .debug_macro   0x000000000001762f       0x16 build/uart.o
 .debug_macro   0x0000000000017645      0x333 build/uart.o
 .debug_macro   0x0000000000017978      0x1c2 build/stm32f1xx_hal.o
 .debug_macro   0x0000000000017b3a      0x19e build/stm32f1xx_hal_cortex.o
 .debug_macro   0x0000000000017cd8      0x19e build/stm32f1xx_hal_dma.o
 .debug_macro   0x0000000000017e76      0x209 build/stm32f1xx_hal_gpio.o
 .debug_macro   0x000000000001807f      0x1b0 build/stm32f1xx_hal_rcc.o
 .debug_macro   0x000000000001822f      0x19f build/stm32f1xx_hal_tim.o
 .debug_macro   0x00000000000183ce      0x19e build/stm32f1xx_hal_tim_ex.o
 .debug_macro   0x000000000001856c      0x19f build/stm32f1xx_hal_uart.o

.debug_line     0x0000000000000000    0x10714
 .debug_line    0x0000000000000000      0x6bc build/add_time.o
 .debug_line    0x00000000000006bc      0x67c build/global.o
 .debug_line    0x0000000000000d38      0x7a6 build/input_reading.o
 .debug_line    0x00000000000014de      0x7a8 build/M1_fsm.o
 .debug_line    0x0000000000001c86      0x6ee build/M2_fsm.o
 .debug_line    0x0000000000002374      0x6f0 build/M3_fsm.o
 .debug_line    0x0000000000002a64      0x6e7 build/M4_fsm.o
 .debug_line    0x000000000000314b      0x906 build/main.o
 .debug_line    0x0000000000003a51      0x752 build/Pedestrian.o
 .debug_line    0x00000000000041a3      0x6d2 build/Pedestrian_Buzzer.o
 .debug_line    0x0000000000004875      0x14f build/software_timer.o
 .debug_line    0x00000000000049c4      0x74a build/stm32f1xx_hal_msp.o
 .debug_line    0x000000000000510e      0x75f build/stm32f1xx_it.o
 .debug_line    0x000000000000586d      0x430 build/sysmem.o
 .debug_line    0x0000000000005c9d      0x4d9 build/system_stm32f1xx.o
 .debug_line    0x0000000000006176      0x7c7 build/uart.o
 .debug_line    0x000000000000693d      0x918 build/stm32f1xx_hal.o
 .debug_line    0x0000000000007255      0xb00 build/stm32f1xx_hal_cortex.o
 .debug_line    0x0000000000007d55      0xd70 build/stm32f1xx_hal_dma.o
 .debug_line    0x0000000000008ac5      0x9af build/stm32f1xx_hal_gpio.o
 .debug_line    0x0000000000009474      0xd26 build/stm32f1xx_hal_rcc.o
 .debug_line    0x000000000000a19a     0x32c1 build/stm32f1xx_hal_tim.o
 .debug_line    0x000000000000d45b     0x1840 build/stm32f1xx_hal_tim_ex.o
 .debug_line    0x000000000000ec9b     0x19f3 build/stm32f1xx_hal_uart.o
 .debug_line    0x000000000001068e       0x86 build/startup_stm32f103rbtx.o

.debug_str      0x0000000000000000    0x8aaac
 .debug_str     0x0000000000000000    0x8393e build/add_time.o
                                      0x83d44 (size before relaxing)
 .debug_str     0x000000000008393e       0x14 build/global.o
                                      0x83d1b (size before relaxing)
 .debug_str     0x0000000000083952      0x16a build/input_reading.o
                                      0x83da5 (size before relaxing)
 .debug_str     0x0000000000083abc       0x5a build/M1_fsm.o
                                      0x83d89 (size before relaxing)
 .debug_str     0x0000000000083b16       0x2e build/M2_fsm.o
                                      0x83d5d (size before relaxing)
 .debug_str     0x0000000000083b44       0x2e build/M3_fsm.o
                                      0x83d5d (size before relaxing)
 .debug_str     0x0000000000083b72       0x2e build/M4_fsm.o
                                      0x83d5d (size before relaxing)
 .debug_str     0x0000000000083ba0      0x36e build/main.o
                                      0x84122 (size before relaxing)
 .debug_str     0x0000000000083f0e       0x38 build/Pedestrian.o
                                      0x83dd7 (size before relaxing)
 .debug_str     0x0000000000083f46       0x32 build/Pedestrian_Buzzer.o
                                      0x83d63 (size before relaxing)
 .debug_str     0x0000000000083f78       0xb5 build/software_timer.o
                                       0x2e47 (size before relaxing)
 .debug_str     0x000000000008402d      0x331 build/stm32f1xx_hal_msp.o
                                      0x8404f (size before relaxing)
 .debug_str     0x000000000008435e       0xde build/stm32f1xx_it.o
                                      0x83cfd (size before relaxing)
 .debug_str     0x000000000008443c     0x1c40 build/sysmem.o
                                       0x5c3d (size before relaxing)
 .debug_str     0x000000000008607c       0x51 build/system_stm32f1xx.o
                                      0x546c5 (size before relaxing)
 .debug_str     0x00000000000860cd     0x23d6 build/uart.o
                                      0x8788f (size before relaxing)
 .debug_str     0x00000000000884a3      0x303 build/stm32f1xx_hal.o
                                      0x83ad2 (size before relaxing)
 .debug_str     0x00000000000887a6      0x2ff build/stm32f1xx_hal_cortex.o
                                      0x83ada (size before relaxing)
 .debug_str     0x0000000000088aa5      0x234 build/stm32f1xx_hal_dma.o
                                      0x8381c (size before relaxing)
 .debug_str     0x0000000000088cd9      0x310 build/stm32f1xx_hal_gpio.o
                                      0x83805 (size before relaxing)
 .debug_str     0x0000000000088fe9      0x24e build/stm32f1xx_hal_rcc.o
                                      0x8383e (size before relaxing)
 .debug_str     0x0000000000089237      0xd67 build/stm32f1xx_hal_tim.o
                                      0x84810 (size before relaxing)
 .debug_str     0x0000000000089f9e      0x4ed build/stm32f1xx_hal_tim_ex.o
                                      0x83fc1 (size before relaxing)
 .debug_str     0x000000000008a48b      0x5ec build/stm32f1xx_hal_uart.o
                                      0x83e30 (size before relaxing)
 .debug_str     0x000000000008aa77       0x35 build/startup_stm32f103rbtx.o
                                         0x6b (size before relaxing)

.comment        0x0000000000000000       0x53
 .comment       0x0000000000000000       0x53 build/add_time.o
                                         0x54 (size before relaxing)
 .comment       0x0000000000000053       0x54 build/global.o
 .comment       0x0000000000000053       0x54 build/input_reading.o
 .comment       0x0000000000000053       0x54 build/M1_fsm.o
 .comment       0x0000000000000053       0x54 build/M2_fsm.o
 .comment       0x0000000000000053       0x54 build/M3_fsm.o
 .comment       0x0000000000000053       0x54 build/M4_fsm.o
 .comment       0x0000000000000053       0x54 build/main.o
 .comment       0x0000000000000053       0x54 build/Pedestrian.o
 .comment       0x0000000000000053       0x54 build/Pedestrian_Buzzer.o
 .comment       0x0000000000000053       0x54 build/software_timer.o
 .comment       0x0000000000000053       0x54 build/stm32f1xx_hal_msp.o
 .comment       0x0000000000000053       0x54 build/stm32f1xx_it.o
 .comment       0x0000000000000053       0x54 build/sysmem.o
 .comment       0x0000000000000053       0x54 build/system_stm32f1xx.o
 .comment       0x0000000000000053       0x54 build/uart.o
 .comment       0x0000000000000053       0x54 build/stm32f1xx_hal.o
 .comment       0x0000000000000053       0x54 build/stm32f1xx_hal_cortex.o
 .comment       0x0000000000000053       0x54 build/stm32f1xx_hal_dma.o
 .comment       0x0000000000000053       0x54 build/stm32f1xx_hal_gpio.o
 .comment       0x0000000000000053       0x54 build/stm32f1xx_hal_rcc.o
 .comment       0x0000000000000053       0x54 build/stm32f1xx_hal_tim.o
 .comment       0x0000000000000053       0x54 build/stm32f1xx_hal_tim_ex.o
 .comment       0x0000000000000053       0x54 build/stm32f1xx_hal_uart.o

.debug_frame    0x0000000000000000     0x3948
 .debug_frame   0x0000000000000000       0x2c build/add_time.o
 .debug_frame   0x000000000000002c       0x88 build/input_reading.o
 .debug_frame   0x00000000000000b4       0x48 build/M1_fsm.o
 .debug_frame   0x00000000000000fc       0x2c build/M2_fsm.o
 .debug_frame   0x0000000000000128       0x2c build/M3_fsm.o
 .debug_frame   0x0000000000000154       0x2c build/M4_fsm.o
 .debug_frame   0x0000000000000180      0x114 build/main.o
 .debug_frame   0x0000000000000294       0x48 build/Pedestrian.o
 .debug_frame   0x00000000000002dc       0x58 build/Pedestrian_Buzzer.o
 .debug_frame   0x0000000000000334       0xf8 build/software_timer.o
 .debug_frame   0x000000000000042c       0xec build/stm32f1xx_hal_msp.o
 .debug_frame   0x0000000000000518      0x13c build/stm32f1xx_it.o
 .debug_frame   0x0000000000000654       0x34 build/sysmem.o
 .debug_frame   0x0000000000000688       0x58 build/system_stm32f1xx.o
 .debug_frame   0x00000000000006e0       0x2c build/uart.o
 .debug_frame   0x000000000000070c      0x334 build/stm32f1xx_hal.o
 .debug_frame   0x0000000000000a40      0x428 build/stm32f1xx_hal_cortex.o
 .debug_frame   0x0000000000000e68      0x208 build/stm32f1xx_hal_dma.o
 .debug_frame   0x0000000000001070      0x14c build/stm32f1xx_hal_gpio.o
 .debug_frame   0x00000000000011bc      0x21c build/stm32f1xx_hal_rcc.o
 .debug_frame   0x00000000000013d8     0x11b8 build/stm32f1xx_hal_tim.o
 .debug_frame   0x0000000000002590      0x638 build/stm32f1xx_hal_tim_ex.o
 .debug_frame   0x0000000000002bc8      0x914 build/stm32f1xx_hal_uart.o
 .debug_frame   0x00000000000034dc       0x20 c:/st/stm32cubeide_1.7.0/stm32cubeide/plugins/com.st.stm32cube.ide.mcu.externaltools.gnu-tools-for-stm32.9-2020-q2-update.win32_2.0.0.202105311346/tools/bin/../lib/gcc/arm-none-eabi/9.3.1/../../../../arm-none-eabi/lib/thumb/v7-m/nofp\libc_nano.a(lib_a-errno.o)
 .debug_frame   0x00000000000034fc       0x2c c:/st/stm32cubeide_1.7.0/stm32cubeide/plugins/com.st.stm32cube.ide.mcu.externaltools.gnu-tools-for-stm32.9-2020-q2-update.win32_2.0.0.202105311346/tools/bin/../lib/gcc/arm-none-eabi/9.3.1/../../../../arm-none-eabi/lib/thumb/v7-m/nofp\libc_nano.a(lib_a-init.o)
 .debug_frame   0x0000000000003528       0x20 c:/st/stm32cubeide_1.7.0/stm32cubeide/plugins/com.st.stm32cube.ide.mcu.externaltools.gnu-tools-for-stm32.9-2020-q2-update.win32_2.0.0.202105311346/tools/bin/../lib/gcc/arm-none-eabi/9.3.1/../../../../arm-none-eabi/lib/thumb/v7-m/nofp\libc_nano.a(lib_a-memset.o)
 .debug_frame   0x0000000000003548       0x6c c:/st/stm32cubeide_1.7.0/stm32cubeide/plugins/com.st.stm32cube.ide.mcu.externaltools.gnu-tools-for-stm32.9-2020-q2-update.win32_2.0.0.202105311346/tools/bin/../lib/gcc/arm-none-eabi/9.3.1/../../../../arm-none-eabi/lib/thumb/v7-m/nofp\libc_nano.a(lib_a-sprintf.o)
 .debug_frame   0x00000000000035b4       0x90 c:/st/stm32cubeide_1.7.0/stm32cubeide/plugins/com.st.stm32cube.ide.mcu.externaltools.gnu-tools-for-stm32.9-2020-q2-update.win32_2.0.0.202105311346/tools/bin/../lib/gcc/arm-none-eabi/9.3.1/../../../../arm-none-eabi/lib/thumb/v7-m/nofp\libc_nano.a(lib_a-nano-svfprintf.o)
 .debug_frame   0x0000000000003644       0x60 c:/st/stm32cubeide_1.7.0/stm32cubeide/plugins/com.st.stm32cube.ide.mcu.externaltools.gnu-tools-for-stm32.9-2020-q2-update.win32_2.0.0.202105311346/tools/bin/../lib/gcc/arm-none-eabi/9.3.1/../../../../arm-none-eabi/lib/thumb/v7-m/nofp\libc_nano.a(lib_a-nano-vfprintf_i.o)
 .debug_frame   0x00000000000036a4       0x28 c:/st/stm32cubeide_1.7.0/stm32cubeide/plugins/com.st.stm32cube.ide.mcu.externaltools.gnu-tools-for-stm32.9-2020-q2-update.win32_2.0.0.202105311346/tools/bin/../lib/gcc/arm-none-eabi/9.3.1/../../../../arm-none-eabi/lib/thumb/v7-m/nofp\libc_nano.a(lib_a-memchr-stub.o)
 .debug_frame   0x00000000000036cc       0x28 c:/st/stm32cubeide_1.7.0/stm32cubeide/plugins/com.st.stm32cube.ide.mcu.externaltools.gnu-tools-for-stm32.9-2020-q2-update.win32_2.0.0.202105311346/tools/bin/../lib/gcc/arm-none-eabi/9.3.1/../../../../arm-none-eabi/lib/thumb/v7-m/nofp\libc_nano.a(lib_a-memcpy-stub.o)
 .debug_frame   0x00000000000036f4       0x28 c:/st/stm32cubeide_1.7.0/stm32cubeide/plugins/com.st.stm32cube.ide.mcu.externaltools.gnu-tools-for-stm32.9-2020-q2-update.win32_2.0.0.202105311346/tools/bin/../lib/gcc/arm-none-eabi/9.3.1/../../../../arm-none-eabi/lib/thumb/v7-m/nofp\libc_nano.a(lib_a-memmove.o)
 .debug_frame   0x000000000000371c       0x38 c:/st/stm32cubeide_1.7.0/stm32cubeide/plugins/com.st.stm32cube.ide.mcu.externaltools.gnu-tools-for-stm32.9-2020-q2-update.win32_2.0.0.202105311346/tools/bin/../lib/gcc/arm-none-eabi/9.3.1/../../../../arm-none-eabi/lib/thumb/v7-m/nofp\libc_nano.a(lib_a-nano-freer.o)
 .debug_frame   0x0000000000003754       0x30 c:/st/stm32cubeide_1.7.0/stm32cubeide/plugins/com.st.stm32cube.ide.mcu.externaltools.gnu-tools-for-stm32.9-2020-q2-update.win32_2.0.0.202105311346/tools/bin/../lib/gcc/arm-none-eabi/9.3.1/../../../../arm-none-eabi/lib/thumb/v7-m/nofp\libc_nano.a(lib_a-nano-mallocr.o)
 .debug_frame   0x0000000000003784       0x3c c:/st/stm32cubeide_1.7.0/stm32cubeide/plugins/com.st.stm32cube.ide.mcu.externaltools.gnu-tools-for-stm32.9-2020-q2-update.win32_2.0.0.202105311346/tools/bin/../lib/gcc/arm-none-eabi/9.3.1/../../../../arm-none-eabi/lib/thumb/v7-m/nofp\libc_nano.a(lib_a-nano-reallocr.o)
 .debug_frame   0x00000000000037c0       0x2c c:/st/stm32cubeide_1.7.0/stm32cubeide/plugins/com.st.stm32cube.ide.mcu.externaltools.gnu-tools-for-stm32.9-2020-q2-update.win32_2.0.0.202105311346/tools/bin/../lib/gcc/arm-none-eabi/9.3.1/../../../../arm-none-eabi/lib/thumb/v7-m/nofp\libc_nano.a(lib_a-sbrkr.o)
 .debug_frame   0x00000000000037ec       0x30 c:/st/stm32cubeide_1.7.0/stm32cubeide/plugins/com.st.stm32cube.ide.mcu.externaltools.gnu-tools-for-stm32.9-2020-q2-update.win32_2.0.0.202105311346/tools/bin/../lib/gcc/arm-none-eabi/9.3.1/../../../../arm-none-eabi/lib/thumb/v7-m/nofp\libc_nano.a(lib_a-mlock.o)
 .debug_frame   0x000000000000381c       0x20 c:/st/stm32cubeide_1.7.0/stm32cubeide/plugins/com.st.stm32cube.ide.mcu.externaltools.gnu-tools-for-stm32.9-2020-q2-update.win32_2.0.0.202105311346/tools/bin/../lib/gcc/arm-none-eabi/9.3.1/../../../../arm-none-eabi/lib/thumb/v7-m/nofp\libc_nano.a(lib_a-nano-msizer.o)
 .debug_frame   0x000000000000383c       0x5c c:/st/stm32cubeide_1.7.0/stm32cubeide/plugins/com.st.stm32cube.ide.mcu.externaltools.gnu-tools-for-stm32.9-2020-q2-update.win32_2.0.0.202105311346/tools/bin/../lib/gcc/arm-none-eabi/9.3.1/../../../../arm-none-eabi/lib/thumb/v7-m/nofp\libc_nano.a(lib_a-reent.o)
 .debug_frame   0x0000000000003898       0xb0 c:/st/stm32cubeide_1.7.0/stm32cubeide/plugins/com.st.stm32cube.ide.mcu.externaltools.gnu-tools-for-stm32.9-2020-q2-update.win32_2.0.0.202105311346/tools/bin/../lib/gcc/arm-none-eabi/9.3.1/../../../../arm-none-eabi/lib/thumb/v7-m/nofp\libc_nano.a(lib_a-lock.o)

Cross Reference Table

Symbol                                            File
ADC1_2_IRQHandler                                 build/startup_stm32f103rbtx.o
AHBPrescTable                                     build/system_stm32f1xx.o
                                                  build/stm32f1xx_hal_rcc.o
APBPrescTable                                     build/system_stm32f1xx.o
                                                  build/stm32f1xx_hal_rcc.o
BusFault_Handler                                  build/stm32f1xx_it.o
CAN1_RX1_IRQHandler                               build/startup_stm32f103rbtx.o
CAN1_SCE_IRQHandler                               build/startup_stm32f103rbtx.o
DMA1_Channel1_IRQHandler                          build/startup_stm32f103rbtx.o
DMA1_Channel2_IRQHandler                          build/startup_stm32f103rbtx.o
DMA1_Channel3_IRQHandler                          build/startup_stm32f103rbtx.o
DMA1_Channel4_IRQHandler                          build/startup_stm32f103rbtx.o
DMA1_Channel5_IRQHandler                          build/startup_stm32f103rbtx.o
DMA1_Channel6_IRQHandler                          build/startup_stm32f103rbtx.o
DMA1_Channel7_IRQHandler                          build/startup_stm32f103rbtx.o
DebugMon_Handler                                  build/stm32f1xx_it.o
Default_Handler                                   build/startup_stm32f103rbtx.o
EXTI0_IRQHandler                                  build/startup_stm32f103rbtx.o
EXTI15_10_IRQHandler                              build/startup_stm32f103rbtx.o
EXTI1_IRQHandler                                  build/startup_stm32f103rbtx.o
EXTI2_IRQHandler                                  build/startup_stm32f103rbtx.o
EXTI3_IRQHandler                                  build/startup_stm32f103rbtx.o
EXTI4_IRQHandler                                  build/startup_stm32f103rbtx.o
EXTI9_5_IRQHandler                                build/startup_stm32f103rbtx.o
Error_Handler                                     build/main.o
FLASH_IRQHandler                                  build/startup_stm32f103rbtx.o
FLASH_PageErase                                   build/stm32f1xx_hal_flash_ex.o
                                                  build/stm32f1xx_hal_flash.o
FLASH_WaitForLastOperation                        build/stm32f1xx_hal_flash.o
                                                  build/stm32f1xx_hal_flash_ex.o
HAL_DBGMCU_DisableDBGSleepMode                    build/stm32f1xx_hal.o
HAL_DBGMCU_DisableDBGStandbyMode                  build/stm32f1xx_hal.o
HAL_DBGMCU_DisableDBGStopMode                     build/stm32f1xx_hal.o
HAL_DBGMCU_EnableDBGSleepMode                     build/stm32f1xx_hal.o
HAL_DBGMCU_EnableDBGStandbyMode                   build/stm32f1xx_hal.o
HAL_DBGMCU_EnableDBGStopMode                      build/stm32f1xx_hal.o
HAL_DMA_Abort                                     build/stm32f1xx_hal_dma.o
                                                  build/stm32f1xx_hal_uart.o
HAL_DMA_Abort_IT                                  build/stm32f1xx_hal_dma.o
                                                  build/stm32f1xx_hal_uart.o
                                                  build/stm32f1xx_hal_tim_ex.o
                                                  build/stm32f1xx_hal_tim.o
HAL_DMA_DeInit                                    build/stm32f1xx_hal_dma.o
HAL_DMA_GetError                                  build/stm32f1xx_hal_dma.o
                                                  build/stm32f1xx_hal_uart.o
HAL_DMA_GetState                                  build/stm32f1xx_hal_dma.o
HAL_DMA_IRQHandler                                build/stm32f1xx_hal_dma.o
HAL_DMA_Init                                      build/stm32f1xx_hal_dma.o
HAL_DMA_PollForTransfer                           build/stm32f1xx_hal_dma.o
HAL_DMA_RegisterCallback                          build/stm32f1xx_hal_dma.o
HAL_DMA_Start                                     build/stm32f1xx_hal_dma.o
HAL_DMA_Start_IT                                  build/stm32f1xx_hal_dma.o
                                                  build/stm32f1xx_hal_uart.o
                                                  build/stm32f1xx_hal_tim_ex.o
                                                  build/stm32f1xx_hal_tim.o
HAL_DMA_UnRegisterCallback                        build/stm32f1xx_hal_dma.o
HAL_DeInit                                        build/stm32f1xx_hal.o
HAL_Delay                                         build/stm32f1xx_hal.o
HAL_EXTI_ClearConfigLine                          build/stm32f1xx_hal_exti.o
HAL_EXTI_ClearPending                             build/stm32f1xx_hal_exti.o
HAL_EXTI_GenerateSWI                              build/stm32f1xx_hal_exti.o
HAL_EXTI_GetConfigLine                            build/stm32f1xx_hal_exti.o
HAL_EXTI_GetHandle                                build/stm32f1xx_hal_exti.o
HAL_EXTI_GetPending                               build/stm32f1xx_hal_exti.o
HAL_EXTI_IRQHandler                               build/stm32f1xx_hal_exti.o
HAL_EXTI_RegisterCallback                         build/stm32f1xx_hal_exti.o
HAL_EXTI_SetConfigLine                            build/stm32f1xx_hal_exti.o
HAL_FLASHEx_Erase                                 build/stm32f1xx_hal_flash_ex.o
HAL_FLASHEx_Erase_IT                              build/stm32f1xx_hal_flash_ex.o
HAL_FLASHEx_OBErase                               build/stm32f1xx_hal_flash_ex.o
HAL_FLASHEx_OBGetConfig                           build/stm32f1xx_hal_flash_ex.o
HAL_FLASHEx_OBGetUserData                         build/stm32f1xx_hal_flash_ex.o
HAL_FLASHEx_OBProgram                             build/stm32f1xx_hal_flash_ex.o
HAL_FLASH_EndOfOperationCallback                  build/stm32f1xx_hal_flash.o
HAL_FLASH_GetError                                build/stm32f1xx_hal_flash.o
HAL_FLASH_IRQHandler                              build/stm32f1xx_hal_flash.o
HAL_FLASH_Lock                                    build/stm32f1xx_hal_flash.o
HAL_FLASH_OB_Launch                               build/stm32f1xx_hal_flash.o
HAL_FLASH_OB_Lock                                 build/stm32f1xx_hal_flash.o
HAL_FLASH_OB_Unlock                               build/stm32f1xx_hal_flash.o
HAL_FLASH_OperationErrorCallback                  build/stm32f1xx_hal_flash.o
HAL_FLASH_Program                                 build/stm32f1xx_hal_flash.o
HAL_FLASH_Program_IT                              build/stm32f1xx_hal_flash.o
HAL_FLASH_Unlock                                  build/stm32f1xx_hal_flash.o
HAL_GPIOEx_ConfigEventout                         build/stm32f1xx_hal_gpio_ex.o
HAL_GPIOEx_DisableEventout                        build/stm32f1xx_hal_gpio_ex.o
HAL_GPIOEx_EnableEventout                         build/stm32f1xx_hal_gpio_ex.o
HAL_GPIO_DeInit                                   build/stm32f1xx_hal_gpio.o
                                                  build/stm32f1xx_hal_msp.o
HAL_GPIO_EXTI_Callback                            build/stm32f1xx_hal_gpio.o
HAL_GPIO_EXTI_IRQHandler                          build/stm32f1xx_hal_gpio.o
HAL_GPIO_Init                                     build/stm32f1xx_hal_gpio.o
                                                  build/stm32f1xx_hal_rcc.o
                                                  build/stm32f1xx_hal_msp.o
                                                  build/main.o
HAL_GPIO_LockPin                                  build/stm32f1xx_hal_gpio.o
HAL_GPIO_ReadPin                                  build/stm32f1xx_hal_gpio.o
                                                  build/input_reading.o
HAL_GPIO_TogglePin                                build/stm32f1xx_hal_gpio.o
                                                  build/M4_fsm.o
                                                  build/M3_fsm.o
                                                  build/M2_fsm.o
HAL_GPIO_WritePin                                 build/stm32f1xx_hal_gpio.o
                                                  build/Pedestrian.o
                                                  build/main.o
                                                  build/M3_fsm.o
                                                  build/M2_fsm.o
                                                  build/M1_fsm.o
HAL_GetDEVID                                      build/stm32f1xx_hal.o
HAL_GetHalVersion                                 build/stm32f1xx_hal.o
HAL_GetREVID                                      build/stm32f1xx_hal.o
HAL_GetTick                                       build/stm32f1xx_hal.o
                                                  build/stm32f1xx_hal_uart.o
                                                  build/stm32f1xx_hal_rcc_ex.o
                                                  build/stm32f1xx_hal_rcc.o
                                                  build/stm32f1xx_hal_flash.o
                                                  build/stm32f1xx_hal_dma.o
HAL_GetTickFreq                                   build/stm32f1xx_hal.o
HAL_GetTickPrio                                   build/stm32f1xx_hal.o
HAL_GetUIDw0                                      build/stm32f1xx_hal.o
HAL_GetUIDw1                                      build/stm32f1xx_hal.o
HAL_GetUIDw2                                      build/stm32f1xx_hal.o
HAL_HalfDuplex_EnableReceiver                     build/stm32f1xx_hal_uart.o
HAL_HalfDuplex_EnableTransmitter                  build/stm32f1xx_hal_uart.o
HAL_HalfDuplex_Init                               build/stm32f1xx_hal_uart.o
HAL_IncTick                                       build/stm32f1xx_hal.o
                                                  build/stm32f1xx_it.o
HAL_Init                                          build/stm32f1xx_hal.o
                                                  build/main.o
HAL_InitTick                                      build/stm32f1xx_hal.o
                                                  build/stm32f1xx_hal_rcc.o
HAL_LIN_Init                                      build/stm32f1xx_hal_uart.o
HAL_LIN_SendBreak                                 build/stm32f1xx_hal_uart.o
HAL_MspDeInit                                     build/stm32f1xx_hal.o
HAL_MspInit                                       build/stm32f1xx_hal_msp.o
HAL_MultiProcessor_EnterMuteMode                  build/stm32f1xx_hal_uart.o
HAL_MultiProcessor_ExitMuteMode                   build/stm32f1xx_hal_uart.o
HAL_MultiProcessor_Init                           build/stm32f1xx_hal_uart.o
HAL_NVIC_ClearPendingIRQ                          build/stm32f1xx_hal_cortex.o
HAL_NVIC_DisableIRQ                               build/stm32f1xx_hal_cortex.o
                                                  build/stm32f1xx_hal_msp.o
HAL_NVIC_EnableIRQ                                build/stm32f1xx_hal_cortex.o
                                                  build/stm32f1xx_hal_msp.o
HAL_NVIC_GetActive                                build/stm32f1xx_hal_cortex.o
HAL_NVIC_GetPendingIRQ                            build/stm32f1xx_hal_cortex.o
HAL_NVIC_GetPriority                              build/stm32f1xx_hal_cortex.o
HAL_NVIC_GetPriorityGrouping                      build/stm32f1xx_hal_cortex.o
HAL_NVIC_SetPendingIRQ                            build/stm32f1xx_hal_cortex.o
HAL_NVIC_SetPriority                              build/stm32f1xx_hal_cortex.o
                                                  build/stm32f1xx_hal.o
                                                  build/stm32f1xx_hal_msp.o
HAL_NVIC_SetPriorityGrouping                      build/stm32f1xx_hal_cortex.o
                                                  build/stm32f1xx_hal.o
HAL_NVIC_SystemReset                              build/stm32f1xx_hal_cortex.o
                                                  build/stm32f1xx_hal_flash.o
HAL_PWR_ConfigPVD                                 build/stm32f1xx_hal_pwr.o
HAL_PWR_DeInit                                    build/stm32f1xx_hal_pwr.o
HAL_PWR_DisableBkUpAccess                         build/stm32f1xx_hal_pwr.o
HAL_PWR_DisablePVD                                build/stm32f1xx_hal_pwr.o
HAL_PWR_DisableSEVOnPend                          build/stm32f1xx_hal_pwr.o
HAL_PWR_DisableSleepOnExit                        build/stm32f1xx_hal_pwr.o